Archive member included to satisfy reference by file (symbol)

/opt/st/stm32cubeide_1.14.0/plugins/com.st.stm32cube.ide.mcu.externaltools.gnu-tools-for-stm32.11.3.rel1.linux64_1.1.100.202309141235/tools/bin/../lib/gcc/arm-none-eabi/11.3.1/../../../../arm-none-eabi/lib/thumb/v7e-m+fp/hard/libc_nano.a(libc_a-exit.o)
                              /opt/st/stm32cubeide_1.14.0/plugins/com.st.stm32cube.ide.mcu.externaltools.gnu-tools-for-stm32.11.3.rel1.linux64_1.1.100.202309141235/tools/bin/../lib/gcc/arm-none-eabi/11.3.1/../../../../arm-none-eabi/lib/thumb/v7e-m+fp/hard/crt0.o (exit)
/opt/st/stm32cubeide_1.14.0/plugins/com.st.stm32cube.ide.mcu.externaltools.gnu-tools-for-stm32.11.3.rel1.linux64_1.1.100.202309141235/tools/bin/../lib/gcc/arm-none-eabi/11.3.1/../../../../arm-none-eabi/lib/thumb/v7e-m+fp/hard/libc_nano.a(libc_a-findfp.o)
                              /opt/st/stm32cubeide_1.14.0/plugins/com.st.stm32cube.ide.mcu.externaltools.gnu-tools-for-stm32.11.3.rel1.linux64_1.1.100.202309141235/tools/bin/../lib/gcc/arm-none-eabi/11.3.1/../../../../arm-none-eabi/lib/thumb/v7e-m+fp/hard/libc_nano.a(libc_a-exit.o) (__stdio_exit_handler)
/opt/st/stm32cubeide_1.14.0/plugins/com.st.stm32cube.ide.mcu.externaltools.gnu-tools-for-stm32.11.3.rel1.linux64_1.1.100.202309141235/tools/bin/../lib/gcc/arm-none-eabi/11.3.1/../../../../arm-none-eabi/lib/thumb/v7e-m+fp/hard/libc_nano.a(libc_a-fwalk.o)
                              /opt/st/stm32cubeide_1.14.0/plugins/com.st.stm32cube.ide.mcu.externaltools.gnu-tools-for-stm32.11.3.rel1.linux64_1.1.100.202309141235/tools/bin/../lib/gcc/arm-none-eabi/11.3.1/../../../../arm-none-eabi/lib/thumb/v7e-m+fp/hard/libc_nano.a(libc_a-findfp.o) (_fwalk_sglue)
/opt/st/stm32cubeide_1.14.0/plugins/com.st.stm32cube.ide.mcu.externaltools.gnu-tools-for-stm32.11.3.rel1.linux64_1.1.100.202309141235/tools/bin/../lib/gcc/arm-none-eabi/11.3.1/../../../../arm-none-eabi/lib/thumb/v7e-m+fp/hard/libc_nano.a(libc_a-stdio.o)
                              /opt/st/stm32cubeide_1.14.0/plugins/com.st.stm32cube.ide.mcu.externaltools.gnu-tools-for-stm32.11.3.rel1.linux64_1.1.100.202309141235/tools/bin/../lib/gcc/arm-none-eabi/11.3.1/../../../../arm-none-eabi/lib/thumb/v7e-m+fp/hard/libc_nano.a(libc_a-findfp.o) (__sread)
/opt/st/stm32cubeide_1.14.0/plugins/com.st.stm32cube.ide.mcu.externaltools.gnu-tools-for-stm32.11.3.rel1.linux64_1.1.100.202309141235/tools/bin/../lib/gcc/arm-none-eabi/11.3.1/../../../../arm-none-eabi/lib/thumb/v7e-m+fp/hard/libc_nano.a(libc_a-memset.o)
                              /opt/st/stm32cubeide_1.14.0/plugins/com.st.stm32cube.ide.mcu.externaltools.gnu-tools-for-stm32.11.3.rel1.linux64_1.1.100.202309141235/tools/bin/../lib/gcc/arm-none-eabi/11.3.1/../../../../arm-none-eabi/lib/thumb/v7e-m+fp/hard/crt0.o (memset)
/opt/st/stm32cubeide_1.14.0/plugins/com.st.stm32cube.ide.mcu.externaltools.gnu-tools-for-stm32.11.3.rel1.linux64_1.1.100.202309141235/tools/bin/../lib/gcc/arm-none-eabi/11.3.1/../../../../arm-none-eabi/lib/thumb/v7e-m+fp/hard/libc_nano.a(libc_a-closer.o)
                              /opt/st/stm32cubeide_1.14.0/plugins/com.st.stm32cube.ide.mcu.externaltools.gnu-tools-for-stm32.11.3.rel1.linux64_1.1.100.202309141235/tools/bin/../lib/gcc/arm-none-eabi/11.3.1/../../../../arm-none-eabi/lib/thumb/v7e-m+fp/hard/libc_nano.a(libc_a-stdio.o) (_close_r)
/opt/st/stm32cubeide_1.14.0/plugins/com.st.stm32cube.ide.mcu.externaltools.gnu-tools-for-stm32.11.3.rel1.linux64_1.1.100.202309141235/tools/bin/../lib/gcc/arm-none-eabi/11.3.1/../../../../arm-none-eabi/lib/thumb/v7e-m+fp/hard/libc_nano.a(libc_a-reent.o)
                              /opt/st/stm32cubeide_1.14.0/plugins/com.st.stm32cube.ide.mcu.externaltools.gnu-tools-for-stm32.11.3.rel1.linux64_1.1.100.202309141235/tools/bin/../lib/gcc/arm-none-eabi/11.3.1/../../../../arm-none-eabi/lib/thumb/v7e-m+fp/hard/libc_nano.a(libc_a-closer.o) (errno)
/opt/st/stm32cubeide_1.14.0/plugins/com.st.stm32cube.ide.mcu.externaltools.gnu-tools-for-stm32.11.3.rel1.linux64_1.1.100.202309141235/tools/bin/../lib/gcc/arm-none-eabi/11.3.1/../../../../arm-none-eabi/lib/thumb/v7e-m+fp/hard/libc_nano.a(libc_a-impure.o)
                              /opt/st/stm32cubeide_1.14.0/plugins/com.st.stm32cube.ide.mcu.externaltools.gnu-tools-for-stm32.11.3.rel1.linux64_1.1.100.202309141235/tools/bin/../lib/gcc/arm-none-eabi/11.3.1/../../../../arm-none-eabi/lib/thumb/v7e-m+fp/hard/libc_nano.a(libc_a-reent.o) (_impure_ptr)
/opt/st/stm32cubeide_1.14.0/plugins/com.st.stm32cube.ide.mcu.externaltools.gnu-tools-for-stm32.11.3.rel1.linux64_1.1.100.202309141235/tools/bin/../lib/gcc/arm-none-eabi/11.3.1/../../../../arm-none-eabi/lib/thumb/v7e-m+fp/hard/libc_nano.a(libc_a-lseekr.o)
                              /opt/st/stm32cubeide_1.14.0/plugins/com.st.stm32cube.ide.mcu.externaltools.gnu-tools-for-stm32.11.3.rel1.linux64_1.1.100.202309141235/tools/bin/../lib/gcc/arm-none-eabi/11.3.1/../../../../arm-none-eabi/lib/thumb/v7e-m+fp/hard/libc_nano.a(libc_a-stdio.o) (_lseek_r)
[...]
Memory Configuration

Name             Origin             Length             Attributes
RAM              0x0000000020000000 0x0000000000008000 xrw
FLASH            0x0000000008000000 0x0000000000020000 xr
*default*        0x0000000000000000 0xffffffffffffffff

Linker script and memory map

LOAD /opt/st/stm32cubeide_1.14.0/plugins/com.st.stm32cube.ide.mcu.externaltools.gnu-tools-for-stm32.11.3.rel1.linux64_1.1.100.202309141235/tools/bin/../lib/gcc/arm-none-eabi/11.3.1/thumb/v7e-m+fp/hard/crti.o
LOAD /opt/st/stm32cubeide_1.14.0/plugins/com.st.stm32cube.ide.mcu.externaltools.gnu-tools-for-stm32.11.3.rel1.linux64_1.1.100.202309141235/tools/bin/../lib/gcc/arm-none-eabi/11.3.1/thumb/v7e-m+fp/hard/crtbegin.o
LOAD /opt/st/stm32cubeide_1.14.0/plugins/com.st.stm32cube.ide.mcu.externaltools.gnu-tools-for-stm32.11.3.rel1.linux64_1.1.100.202309141235/tools/bin/../lib/gcc/arm-none-eabi/11.3.1/../../../../arm-none-eabi/lib/thumb/v7e-m+fp/hard/crt0.o
LOAD ./Core/Src/app.o
LOAD ./Core/Src/button.o
LOAD ./Core/Src/dma.o
LOAD ./Core/Src/gpio.o
LOAD ./Core/Src/main.o
LOAD ./Core/Src/stm32g4xx_hal_msp.o
LOAD ./Core/Src/stm32g4xx_it.o
LOAD ./Core/Src/syscalls.o
LOAD ./Core/Src/sysmem.o
LOAD ./Core/Src/system_stm32g4xx.o
LOAD ./Core/Src/tim.o
LOAD ./Core/Startup/startup_stm32g431cbux.o
LOAD ./Drivers/STM32G4xx_HAL_Driver/Src/stm32g4xx_hal.o
LOAD ./Drivers/STM32G4xx_HAL_Driver/Src/stm32g4xx_hal_cortex.o
LOAD ./Drivers/STM32G4xx_HAL_Driver/Src/stm32g4xx_hal_dma.o
LOAD ./Drivers/STM32G4xx_HAL_Driver/Src/stm32g4xx_hal_dma_ex.o
LOAD ./Drivers/STM32G4xx_HAL_Driver/Src/stm32g4xx_hal_exti.o
LOAD ./Drivers/STM32G4xx_HAL_Driver/Src/stm32g4xx_hal_flash.o
LOAD ./Drivers/STM32G4xx_HAL_Driver/Src/stm32g4xx_hal_flash_ex.o
LOAD ./Drivers/STM32G4xx_HAL_Driver/Src/stm32g4xx_hal_flash_ramfunc.o
LOAD ./Drivers/STM32G4xx_HAL_Driver/Src/stm32g4xx_hal_gpio.o
LOAD ./Drivers/STM32G4xx_HAL_Driver/Src/stm32g4xx_hal_pcd.o
LOAD ./Drivers/STM32G4xx_HAL_Driver/Src/stm32g4xx_hal_pcd_ex.o
LOAD ./Drivers/STM32G4xx_HAL_Driver/Src/stm32g4xx_hal_pwr.o
LOAD ./Drivers/STM32G4xx_HAL_Driver/Src/stm32g4xx_hal_pwr_ex.o
LOAD ./Drivers/STM32G4xx_HAL_Driver/Src/stm32g4xx_hal_rcc.o
LOAD ./Drivers/STM32G4xx_HAL_Driver/Src/stm32g4xx_hal_rcc_ex.o
LOAD ./Drivers/STM32G4xx_HAL_Driver/Src/stm32g4xx_hal_tim.o
LOAD ./Drivers/STM32G4xx_HAL_Driver/Src/stm32g4xx_hal_tim_ex.o
LOAD ./Drivers/STM32G4xx_HAL_Driver/Src/stm32g4xx_ll_usb.o
LOAD ./Middlewares/ST/STM32_USB_Device_Library/Class/CDC/Src/usbd_cdc.o
LOAD ./Middlewares/ST/STM32_USB_Device_Library/Core/Src/usbd_core.o
LOAD ./Middlewares/ST/STM32_USB_Device_Library/Core/Src/usbd_ctlreq.o
LOAD ./Middlewares/ST/STM32_USB_Device_Library/Core/Src/usbd_ioreq.o
LOAD ./USB_Device/App/usb_device.o
LOAD ./USB_Device/App/usbd_cdc_if.o
LOAD ./USB_Device/App/usbd_desc.o
LOAD ./USB_Device/Target/usbd_conf.o
START GROUP
LOAD /opt/st/stm32cubeide_1.14.0/plugins/com.st.stm32cube.ide.mcu.externaltools.gnu-tools-for-stm32.11.3.rel1.linux64_1.1.100.202309141235/tools/bin/../lib/gcc/arm-none-eabi/11.3.1/../../../../arm-none-eabi/lib/thumb/v7e-m+fp/hard/libc_nano.a
LOAD /opt/st/stm32cubeide_1.14.0/plugins/com.st.stm32cube.ide.mcu.externaltools.gnu-tools-for-stm32.11.3.rel1.linux64_1.1.100.202309141235/tools/bin/../lib/gcc/arm-none-eabi/11.3.1/../../../../arm-none-eabi/lib/thumb/v7e-m+fp/hard/libm.a
END GROUP
START GROUP
LOAD /opt/st/stm32cubeide_1.14.0/plugins/com.st.stm32cube.ide.mcu.externaltools.gnu-tools-for-stm32.11.3.rel1.linux64_1.1.100.202309141235/tools/bin/../lib/gcc/arm-none-eabi/11.3.1/thumb/v7e-m+fp/hard/libgcc.a
LOAD /opt/st/stm32cubeide_1.14.0/plugins/com.st.stm32cube.ide.mcu.externaltools.gnu-tools-for-stm32.11.3.rel1.linux64_1.1.100.202309141235/tools/bin/../lib/gcc/arm-none-eabi/11.3.1/../../../../arm-none-eabi/lib/thumb/v7e-m+fp/hard/libc_nano.a
END GROUP
START GROUP
LOAD /opt/st/stm32cubeide_1.14.0/plugins/com.st.stm32cube.ide.mcu.externaltools.gnu-tools-for-stm32.11.3.rel1.linux64_1.1.100.202309141235/tools/bin/../lib/gcc/arm-none-eabi/11.3.1/thumb/v7e-m+fp/hard/libgcc.a
LOAD /opt/st/stm32cubeide_1.14.0/plugins/com.st.stm32cube.ide.mcu.externaltools.gnu-tools-for-stm32.11.3.rel1.linux64_1.1.100.202309141235/tools/bin/../lib/gcc/arm-none-eabi/11.3.1/../../../../arm-none-eabi/lib/thumb/v7e-m+fp/hard/libc_nano.a
LOAD /opt/st/stm32cubeide_1.14.0/plugins/com.st.stm32cube.ide.mcu.externaltools.gnu-tools-for-stm32.11.3.rel1.linux64_1.1.100.202309141235/tools/bin/../lib/gcc/arm-none-eabi/11.3.1/../../../../arm-none-eabi/lib/thumb/v7e-m+fp/hard/libnosys.a
END GROUP
START GROUP
LOAD /opt/st/stm32cubeide_1.14.0/plugins/com.st.stm32cube.ide.mcu.externaltools.gnu-tools-for-stm32.11.3.rel1.linux64_1.1.100.202309141235/tools/bin/../lib/gcc/arm-none-eabi/11.3.1/thumb/v7e-m+fp/hard/libgcc.a
LOAD /opt/st/stm32cubeide_1.14.0/plugins/com.st.stm32cube.ide.mcu.externaltools.gnu-tools-for-stm32.11.3.rel1.linux64_1.1.100.202309141235/tools/bin/../lib/gcc/arm-none-eabi/11.3.1/../../../../arm-none-eabi/lib/thumb/v7e-m+fp/hard/libc_nano.a
LOAD /opt/st/stm32cubeide_1.14.0/plugins/com.st.stm32cube.ide.mcu.externaltools.gnu-tools-for-stm32.11.3.rel1.linux64_1.1.100.202309141235/tools/bin/../lib/gcc/arm-none-eabi/11.3.1/../../../../arm-none-eabi/lib/thumb/v7e-m+fp/hard/libnosys.a
END GROUP
LOAD /opt/st/stm32cubeide_1.14.0/plugins/com.st.stm32cube.ide.mcu.externaltools.gnu-tools-for-stm32.11.3.rel1.linux64_1.1.100.202309141235/tools/bin/../lib/gcc/arm-none-eabi/11.3.1/thumb/v7e-m+fp/hard/crtend.o
LOAD /opt/st/stm32cubeide_1.14.0/plugins/com.st.stm32cube.ide.mcu.externaltools.gnu-tools-for-stm32.11.3.rel1.linux64_1.1.100.202309141235/tools/bin/../lib/gcc/arm-none-eabi/11.3.1/thumb/v7e-m+fp/hard/crtn.o
                0x0000000020008000                _estack = (ORIGIN (RAM) + LENGTH (RAM))
                0x0000000000000200                _Min_Heap_Size = 0x200
                0x0000000000000400                _Min_Stack_Size = 0x400

.isr_vector     0x0000000008000000      0x1d8
                0x0000000008000000                . = ALIGN (0x4)
 *(.isr_vector)
 .isr_vector    0x0000000008000000      0x1d8 ./Core/Startup/startup_stm32g431cbux.o
                0x0000000008000000                g_pfnVectors
                0x00000000080001d8                . = ALIGN (0x4)

.text           0x00000000080001d8     0x95ac
                0x00000000080001d8                . = ALIGN (0x4)
 *(.text)
 .text          0x00000000080001d8       0x40 /opt/st/stm32cubeide_1.14.0/plugins/com.st.stm32cube.ide.mcu.externaltools.gnu-tools-for-stm32.11.3.rel1.linux64_1.1.100.202309141235/tools/bin/../lib/gcc/arm-none-eabi/11.3.1/thumb/v7e-m+fp/hard/crtbegin.o
 *(.text*)
 .text.app_start
                0x0000000008000218        0xe ./Core/Src/app.o
                0x0000000008000218                app_start
 *fill*         0x0000000008000226        0x2 
 .text.MX_DMA_Init
                0x0000000008000228       0x54 ./Core/Src/dma.o
                0x0000000008000228                MX_DMA_Init
 .text.MX_GPIO_Init
                0x000000000800027c      0x120 ./Core/Src/gpio.o
                0x000000000800027c                MX_GPIO_Init
 .text.main     0x000000000800039c       0x2a ./Core/Src/main.o
                0x000000000800039c                main
 .text.SystemClock_Config
                0x00000000080003c6       0x96 ./Core/Src/main.o
                0x00000000080003c6                SystemClock_Config
 .text.Error_Handler
                0x000000000800045c        0xa ./Core/Src/main.o
                0x000000000800045c                Error_Handler
 *fill*         0x0000000008000466        0x2 
 .text.HAL_MspInit
                0x0000000008000468       0x48 ./Core/Src/stm32g4xx_hal_msp.o
                0x0000000008000468                HAL_MspInit
 .text.NMI_Handler
                0x00000000080004b0        0x6 ./Core/Src/stm32g4xx_it.o
                0x00000000080004b0                NMI_Handler
 .text.HardFault_Handler
                0x00000000080004b6        0x6 ./Core/Src/stm32g4xx_it.o
                0x00000000080004b6                HardFault_Handler
 .text.MemManage_Handler
                0x00000000080004bc        0x6 ./Core/Src/stm32g4xx_it.o
                0x00000000080004bc                MemManage_Handler
 .text.BusFault_Handler
                0x00000000080004c2        0x6 ./Core/Src/stm32g4xx_it.o
                0x00000000080004c2                BusFault_Handler
 .text.UsageFault_Handler
                0x00000000080004c8        0x6 ./Core/Src/stm32g4xx_it.o
                0x00000000080004c8                UsageFault_Handler
 .text.SVC_Handler
                0x00000000080004ce        0xe ./Core/Src/stm32g4xx_it.o
                0x00000000080004ce                SVC_Handler
 .text.DebugMon_Handler
                0x00000000080004dc        0xe ./Core/Src/stm32g4xx_it.o
                0x00000000080004dc                DebugMon_Handler
 .text.PendSV_Handler
                0x00000000080004ea        0xe ./Core/Src/stm32g4xx_it.o
                0x00000000080004ea                PendSV_Handler
 .text.SysTick_Handler
                0x00000000080004f8        0xc ./Core/Src/stm32g4xx_it.o
                0x00000000080004f8                SysTick_Handler
 .text.DMA1_Channel1_IRQHandler
                0x0000000008000504       0x14 ./Core/Src/stm32g4xx_it.o
                0x0000000008000504                DMA1_Channel1_IRQHandler
 .text.USB_LP_IRQHandler
                0x0000000008000518       0x14 ./Core/Src/stm32g4xx_it.o
                0x0000000008000518                USB_LP_IRQHandler
 .text.SystemInit
                0x000000000800052c       0x24 ./Core/Src/system_stm32g4xx.o
                0x000000000800052c                SystemInit
 .text.MX_TIM2_Init
                0x0000000008000550       0xa8 ./Core/Src/tim.o
                0x0000000008000550                MX_TIM2_Init
 .text.MX_TIM4_Init
                0x00000000080005f8       0xf0 ./Core/Src/tim.o
                0x00000000080005f8                MX_TIM4_Init
 .text.MX_TIM15_Init
                0x00000000080006e8      0x148 ./Core/Src/tim.o
                0x00000000080006e8                MX_TIM15_Init
 .text.HAL_TIM_Encoder_MspInit
                0x0000000008000830       0xe0 ./Core/Src/tim.o
                0x0000000008000830                HAL_TIM_Encoder_MspInit
 .text.HAL_TIM_Base_MspInit
                0x0000000008000910       0x68 ./Core/Src/tim.o
                0x0000000008000910                HAL_TIM_Base_MspInit
 .text.HAL_TIM_MspPostInit
                0x0000000008000978       0xbc ./Core/Src/tim.o
                0x0000000008000978                HAL_TIM_MspPostInit
 .text.Reset_Handler
                0x0000000008000a34       0x50 ./Core/Startup/startup_stm32g431cbux.o
                0x0000000008000a34                Reset_Handler
 .text.Default_Handler
                0x0000000008000a84        0x2 ./Core/Startup/startup_stm32g431cbux.o
                0x0000000008000a84                RTC_Alarm_IRQHandler
                0x0000000008000a84                EXTI2_IRQHandler
                0x0000000008000a84                TIM8_TRG_COM_IRQHandler
                0x0000000008000a84                TIM8_CC_IRQHandler
                0x0000000008000a84                TIM1_CC_IRQHandler
                0x0000000008000a84                USB_HP_IRQHandler
                0x0000000008000a84                CORDIC_IRQHandler
                0x0000000008000a84                EXTI3_IRQHandler
                0x0000000008000a84                I2C3_ER_IRQHandler
                0x0000000008000a84                EXTI0_IRQHandler
                0x0000000008000a84                I2C2_EV_IRQHandler
                0x0000000008000a84                FPU_IRQHandler
                0x0000000008000a84                FDCAN1_IT1_IRQHandler
                0x0000000008000a84                TIM1_UP_TIM16_IRQHandler
                0x0000000008000a84                ADC1_2_IRQHandler
                0x0000000008000a84                SPI1_IRQHandler
                0x0000000008000a84                TIM6_DAC_IRQHandler
                0x0000000008000a84                TIM8_UP_IRQHandler
                0x0000000008000a84                DMA2_Channel2_IRQHandler
                0x0000000008000a84                DMA1_Channel4_IRQHandler
                0x0000000008000a84                USART3_IRQHandler
                0x0000000008000a84                TIM4_IRQHandler
                0x0000000008000a84                DMA2_Channel1_IRQHandler
                0x0000000008000a84                I2C1_EV_IRQHandler
                0x0000000008000a84                DMA1_Channel6_IRQHandler
                0x0000000008000a84                UART4_IRQHandler
                0x0000000008000a84                DMA2_Channel4_IRQHandler
                0x0000000008000a84                TIM3_IRQHandler
                0x0000000008000a84                RCC_IRQHandler
                0x0000000008000a84                Default_Handler
                0x0000000008000a84                RTC_TAMP_LSECSS_IRQHandler
                0x0000000008000a84                FMAC_IRQHandler
                0x0000000008000a84                EXTI15_10_IRQHandler
                0x0000000008000a84                TIM7_IRQHandler
                0x0000000008000a84                UCPD1_IRQHandler
                0x0000000008000a84                I2C3_EV_IRQHandler
                0x0000000008000a84                EXTI9_5_IRQHandler
                0x0000000008000a84                RTC_WKUP_IRQHandler
                0x0000000008000a84                PVD_PVM_IRQHandler
                0x0000000008000a84                SPI2_IRQHandler
                0x0000000008000a84                DMA2_Channel5_IRQHandler
                0x0000000008000a84                CRS_IRQHandler
                0x0000000008000a84                DMA1_Channel5_IRQHandler
                0x0000000008000a84                EXTI4_IRQHandler
                0x0000000008000a84                RNG_IRQHandler
                0x0000000008000a84                TIM1_TRG_COM_TIM17_IRQHandler
                0x0000000008000a84                DMA1_Channel3_IRQHandler
                0x0000000008000a84                WWDG_IRQHandler
                0x0000000008000a84                LPUART1_IRQHandler
                0x0000000008000a84                DMA2_Channel6_IRQHandler
                0x0000000008000a84                FDCAN1_IT0_IRQHandler
                0x0000000008000a84                TIM2_IRQHandler
                0x0000000008000a84                COMP1_2_3_IRQHandler
                0x0000000008000a84                EXTI1_IRQHandler
                0x0000000008000a84                USART2_IRQHandler
                0x0000000008000a84                I2C2_ER_IRQHandler
                0x0000000008000a84                DMA1_Channel2_IRQHandler
                0x0000000008000a84                TIM8_BRK_IRQHandler
                0x0000000008000a84                FLASH_IRQHandler
                0x0000000008000a84                USART1_IRQHandler
                0x0000000008000a84                SPI3_IRQHandler
                0x0000000008000a84                I2C1_ER_IRQHandler
                0x0000000008000a84                LPTIM1_IRQHandler
                0x0000000008000a84                DMAMUX_OVR_IRQHandler
                0x0000000008000a84                USBWakeUp_IRQHandler
                0x0000000008000a84                SAI1_IRQHandler
                0x0000000008000a84                DMA2_Channel3_IRQHandler
                0x0000000008000a84                COMP4_IRQHandler
                0x0000000008000a84                TIM1_BRK_TIM15_IRQHandler
 .text.HAL_Init
                0x0000000008000a86       0x30 ./Drivers/STM32G4xx_HAL_Driver/Src/stm32g4xx_hal.o
                0x0000000008000a86                HAL_Init
 *fill*         0x0000000008000ab6        0x2 
 .text.HAL_InitTick
                0x0000000008000ab8       0x74 ./Drivers/STM32G4xx_HAL_Driver/Src/stm32g4xx_hal.o
                0x0000000008000ab8                HAL_InitTick
 .text.HAL_IncTick
                0x0000000008000b2c       0x24 ./Drivers/STM32G4xx_HAL_Driver/Src/stm32g4xx_hal.o
                0x0000000008000b2c                HAL_IncTick
 .text.HAL_GetTick
                0x0000000008000b50       0x18 ./Drivers/STM32G4xx_HAL_Driver/Src/stm32g4xx_hal.o
                0x0000000008000b50                HAL_GetTick
 .text.HAL_Delay
                0x0000000008000b68       0x44 ./Drivers/STM32G4xx_HAL_Driver/Src/stm32g4xx_hal.o
                0x0000000008000b68                HAL_Delay
 .text.__NVIC_SetPriorityGrouping
                0x0000000008000bac       0x48 ./Drivers/STM32G4xx_HAL_Driver/Src/stm32g4xx_hal_cortex.o
 .text.__NVIC_GetPriorityGrouping
                0x0000000008000bf4       0x1c ./Drivers/STM32G4xx_HAL_Driver/Src/stm32g4xx_hal_cortex.o
 .text.__NVIC_EnableIRQ
                0x0000000008000c10       0x3c ./Drivers/STM32G4xx_HAL_Driver/Src/stm32g4xx_hal_cortex.o
 .text.__NVIC_SetPriority
                0x0000000008000c4c       0x54 ./Drivers/STM32G4xx_HAL_Driver/Src/stm32g4xx_hal_cortex.o
 .text.NVIC_EncodePriority
                0x0000000008000ca0       0x66 ./Drivers/STM32G4xx_HAL_Driver/Src/stm32g4xx_hal_cortex.o
 *fill*         0x0000000008000d06        0x2 
 .text.SysTick_Config
                0x0000000008000d08       0x44 ./Drivers/STM32G4xx_HAL_Driver/Src/stm32g4xx_hal_cortex.o
 .text.HAL_NVIC_SetPriorityGrouping
                0x0000000008000d4c       0x16 ./Drivers/STM32G4xx_HAL_Driver/Src/stm32g4xx_hal_cortex.o
                0x0000000008000d4c                HAL_NVIC_SetPriorityGrouping
 .text.HAL_NVIC_SetPriority
                0x0000000008000d62       0x34 ./Drivers/STM32G4xx_HAL_Driver/Src/stm32g4xx_hal_cortex.o
                0x0000000008000d62                HAL_NVIC_SetPriority
 .text.HAL_NVIC_EnableIRQ
                0x0000000008000d96       0x1c ./Drivers/STM32G4xx_HAL_Driver/Src/stm32g4xx_hal_cortex.o
                0x0000000008000d96                HAL_NVIC_EnableIRQ
 .text.HAL_SYSTICK_Config
                0x0000000008000db2       0x18 ./Drivers/STM32G4xx_HAL_Driver/Src/stm32g4xx_hal_cortex.o
                0x0000000008000db2                HAL_SYSTICK_Config
 *fill*         0x0000000008000dca        0x2 
 .text.HAL_DMA_Init
                0x0000000008000dcc      0x150 ./Drivers/STM32G4xx_HAL_Driver/Src/stm32g4xx_hal_dma.o
                0x0000000008000dcc                HAL_DMA_Init
 .text.HAL_DMA_IRQHandler
                0x0000000008000f1c      0x15e ./Drivers/STM32G4xx_HAL_Driver/Src/stm32g4xx_hal_dma.o
                0x0000000008000f1c                HAL_DMA_IRQHandler
 *fill*         0x000000000800107a        0x2 
 .text.DMA_CalcDMAMUXChannelBaseAndMask
                0x000000000800107c       0x7c ./Drivers/STM32G4xx_HAL_Driver/Src/stm32g4xx_hal_dma.o
 .text.DMA_CalcDMAMUXRequestGenBaseAndMask
                0x00000000080010f8       0x48 ./Drivers/STM32G4xx_HAL_Driver/Src/stm32g4xx_hal_dma.o
 .text.HAL_GPIO_Init
                0x0000000008001140      0x304 ./Drivers/STM32G4xx_HAL_Driver/Src/stm32g4xx_hal_gpio.o
                0x0000000008001140                HAL_GPIO_Init
 .text.HAL_GPIO_WritePin
                0x0000000008001444       0x30 ./Drivers/STM32G4xx_HAL_Driver/Src/stm32g4xx_hal_gpio.o
                0x0000000008001444                HAL_GPIO_WritePin
 .text.HAL_PCD_Init
                0x0000000008001474      0x19c ./Drivers/STM32G4xx_HAL_Driver/Src/stm32g4xx_hal_pcd.o
                0x0000000008001474                HAL_PCD_Init
 .text.HAL_PCD_Start
                0x0000000008001610       0x44 ./Drivers/STM32G4xx_HAL_Driver/Src/stm32g4xx_hal_pcd.o
                0x0000000008001610                HAL_PCD_Start
 .text.HAL_PCD_IRQHandler
                0x0000000008001654      0x24e ./Drivers/STM32G4xx_HAL_Driver/Src/stm32g4xx_hal_pcd.o
                0x0000000008001654                HAL_PCD_IRQHandler
 .text.HAL_PCD_SetAddress
                0x00000000080018a2       0x48 ./Drivers/STM32G4xx_HAL_Driver/Src/stm32g4xx_hal_pcd.o
                0x00000000080018a2                HAL_PCD_SetAddress
 .text.HAL_PCD_EP_Open
                0x00000000080018ea       0xba ./Drivers/STM32G4xx_HAL_Driver/Src/stm32g4xx_hal_pcd.o
                0x00000000080018ea                HAL_PCD_EP_Open
 .text.HAL_PCD_EP_Close
                0x00000000080019a4       0x90 ./Drivers/STM32G4xx_HAL_Driver/Src/stm32g4xx_hal_pcd.o
                0x00000000080019a4                HAL_PCD_EP_Close
 .text.HAL_PCD_EP_Receive
                0x0000000008001a34       0x62 ./Drivers/STM32G4xx_HAL_Driver/Src/stm32g4xx_hal_pcd.o
                0x0000000008001a34                HAL_PCD_EP_Receive
 .text.HAL_PCD_EP_GetRxCount
                0x0000000008001a96       0x30 ./Drivers/STM32G4xx_HAL_Driver/Src/stm32g4xx_hal_pcd.o
                0x0000000008001a96                HAL_PCD_EP_GetRxCount
 .text.HAL_PCD_EP_Transmit
                0x0000000008001ac6       0x6e ./Drivers/STM32G4xx_HAL_Driver/Src/stm32g4xx_hal_pcd.o
                0x0000000008001ac6                HAL_PCD_EP_Transmit
 .text.HAL_PCD_EP_SetStall
                0x0000000008001b34       0xa4 ./Drivers/STM32G4xx_HAL_Driver/Src/stm32g4xx_hal_pcd.o
                0x0000000008001b34                HAL_PCD_EP_SetStall
 .text.HAL_PCD_EP_ClrStall
                0x0000000008001bd8       0xa8 ./Drivers/STM32G4xx_HAL_Driver/Src/stm32g4xx_hal_pcd.o
                0x0000000008001bd8                HAL_PCD_EP_ClrStall
 .text.PCD_EP_ISR_Handler
                0x0000000008001c80      0x784 ./Drivers/STM32G4xx_HAL_Driver/Src/stm32g4xx_hal_pcd.o
 .text.HAL_PCD_EP_DB_Receive
                0x0000000008002404      0x212 ./Drivers/STM32G4xx_HAL_Driver/Src/stm32g4xx_hal_pcd.o
 .text.HAL_PCD_EP_DB_Transmit
                0x0000000008002616      0x7ec ./Drivers/STM32G4xx_HAL_Driver/Src/stm32g4xx_hal_pcd.o
 .text.HAL_PCDEx_PMAConfig
                0x0000000008002e02       0x86 ./Drivers/STM32G4xx_HAL_Driver/Src/stm32g4xx_hal_pcd_ex.o
                0x0000000008002e02                HAL_PCDEx_PMAConfig
 .text.HAL_PCDEx_ActivateLPM
                0x0000000008002e88       0x54 ./Drivers/STM32G4xx_HAL_Driver/Src/stm32g4xx_hal_pcd_ex.o
                0x0000000008002e88                HAL_PCDEx_ActivateLPM
 .text.HAL_PWREx_ControlVoltageScaling
                0x0000000008002edc      0x148 ./Drivers/STM32G4xx_HAL_Driver/Src/stm32g4xx_hal_pwr_ex.o
                0x0000000008002edc                HAL_PWREx_ControlVoltageScaling
 .text.HAL_PWREx_DisableUCPDDeadBattery
                0x0000000008003024       0x20 ./Drivers/STM32G4xx_HAL_Driver/Src/stm32g4xx_hal_pwr_ex.o
                0x0000000008003024                HAL_PWREx_DisableUCPDDeadBattery
 .text.HAL_RCC_OscConfig
                0x0000000008003044      0x624 ./Drivers/STM32G4xx_HAL_Driver/Src/stm32g4xx_hal_rcc.o
                0x0000000008003044                HAL_RCC_OscConfig
 .text.HAL_RCC_ClockConfig
                0x0000000008003668      0x278 ./Drivers/STM32G4xx_HAL_Driver/Src/stm32g4xx_hal_rcc.o
                0x0000000008003668                HAL_RCC_ClockConfig
 .text.HAL_RCC_GetSysClockFreq
                0x00000000080038e0       0xc4 ./Drivers/STM32G4xx_HAL_Driver/Src/stm32g4xx_hal_rcc.o
                0x00000000080038e0                HAL_RCC_GetSysClockFreq
 .text.RCC_GetSysClockFreqFromPLLSource
                0x00000000080039a4       0x8c ./Drivers/STM32G4xx_HAL_Driver/Src/stm32g4xx_hal_rcc.o
 .text.HAL_RCCEx_PeriphCLKConfig
                0x0000000008003a30      0x3e0 ./Drivers/STM32G4xx_HAL_Driver/Src/stm32g4xx_hal_rcc_ex.o
                0x0000000008003a30                HAL_RCCEx_PeriphCLKConfig
 .text.HAL_TIM_Base_Init
                0x0000000008003e10       0xae ./Drivers/STM32G4xx_HAL_Driver/Src/stm32g4xx_hal_tim.o
                0x0000000008003e10                HAL_TIM_Base_Init
 .text.HAL_TIM_OC_Init
                0x0000000008003ebe       0xae ./Drivers/STM32G4xx_HAL_Driver/Src/stm32g4xx_hal_tim.o
                0x0000000008003ebe                HAL_TIM_OC_Init
 .text.HAL_TIM_OC_MspInit
                0x0000000008003f6c       0x14 ./Drivers/STM32G4xx_HAL_Driver/Src/stm32g4xx_hal_tim.o
                0x0000000008003f6c                HAL_TIM_OC_MspInit
 .text.HAL_TIM_Encoder_Init
                0x0000000008003f80      0x14c ./Drivers/STM32G4xx_HAL_Driver/Src/stm32g4xx_hal_tim.o
                0x0000000008003f80                HAL_TIM_Encoder_Init
 .text.HAL_TIM_OC_ConfigChannel
                0x00000000080040cc       0xf4 ./Drivers/STM32G4xx_HAL_Driver/Src/stm32g4xx_hal_tim.o
                0x00000000080040cc                HAL_TIM_OC_ConfigChannel
 .text.HAL_TIM_ConfigClockSource
                0x00000000080041c0      0x1f4 ./Drivers/STM32G4xx_HAL_Driver/Src/stm32g4xx_hal_tim.o
                0x00000000080041c0                HAL_TIM_ConfigClockSource
 .text.TIM_Base_SetConfig
                0x00000000080043b4      0x138 ./Drivers/STM32G4xx_HAL_Driver/Src/stm32g4xx_hal_tim.o
                0x00000000080043b4                TIM_Base_SetConfig
 .text.TIM_OC1_SetConfig
                0x00000000080044ec      0x120 ./Drivers/STM32G4xx_HAL_Driver/Src/stm32g4xx_hal_tim.o
 .text.TIM_OC2_SetConfig
                0x000000000800460c      0x114 ./Drivers/STM32G4xx_HAL_Driver/Src/stm32g4xx_hal_tim.o
                0x000000000800460c                TIM_OC2_SetConfig
 .text.TIM_OC3_SetConfig
                0x0000000008004720      0x110 ./Drivers/STM32G4xx_HAL_Driver/Src/stm32g4xx_hal_tim.o
 .text.TIM_OC4_SetConfig
                0x0000000008004830      0x114 ./Drivers/STM32G4xx_HAL_Driver/Src/stm32g4xx_hal_tim.o
 .text.TIM_OC5_SetConfig
                0x0000000008004944       0xc8 ./Drivers/STM32G4xx_HAL_Driver/Src/stm32g4xx_hal_tim.o
 .text.TIM_OC6_SetConfig
                0x0000000008004a0c       0xcc ./Drivers/STM32G4xx_HAL_Driver/Src/stm32g4xx_hal_tim.o
 .text.TIM_TI1_ConfigInputStage
                0x0000000008004ad8       0x5e ./Drivers/STM32G4xx_HAL_Driver/Src/stm32g4xx_hal_tim.o
 .text.TIM_TI2_ConfigInputStage
                0x0000000008004b36       0x60 ./Drivers/STM32G4xx_HAL_Driver/Src/stm32g4xx_hal_tim.o
 .text.TIM_ITRx_SetConfig
                0x0000000008004b96       0x3a ./Drivers/STM32G4xx_HAL_Driver/Src/stm32g4xx_hal_tim.o
 .text.TIM_ETR_SetConfig
                0x0000000008004bd0       0x40 ./Drivers/STM32G4xx_HAL_Driver/Src/stm32g4xx_hal_tim.o
                0x0000000008004bd0                TIM_ETR_SetConfig
 .text.HAL_TIMEx_MasterConfigSynchronization
                0x0000000008004c10      0x104 ./Drivers/STM32G4xx_HAL_Driver/Src/stm32g4xx_hal_tim_ex.o
                0x0000000008004c10                HAL_TIMEx_MasterConfigSynchronization
 .text.HAL_TIMEx_ConfigBreakDeadTime
                0x0000000008004d14      0x118 ./Drivers/STM32G4xx_HAL_Driver/Src/stm32g4xx_hal_tim_ex.o
                0x0000000008004d14                HAL_TIMEx_ConfigBreakDeadTime
 .text.USB_EnableGlobalInt
                0x0000000008004e2c       0x2e ./Drivers/STM32G4xx_HAL_Driver/Src/stm32g4xx_ll_usb.o
                0x0000000008004e2c                USB_EnableGlobalInt
 .text.USB_DisableGlobalInt
                0x0000000008004e5a       0x36 ./Drivers/STM32G4xx_HAL_Driver/Src/stm32g4xx_ll_usb.o
                0x0000000008004e5a                USB_DisableGlobalInt
 .text.USB_DevInit
                0x0000000008004e90       0x3c ./Drivers/STM32G4xx_HAL_Driver/Src/stm32g4xx_ll_usb.o
                0x0000000008004e90                USB_DevInit
 .text.USB_ActivateEndpoint
                0x0000000008004ecc      0x788 ./Drivers/STM32G4xx_HAL_Driver/Src/stm32g4xx_ll_usb.o
                0x0000000008004ecc                USB_ActivateEndpoint
 .text.USB_DeactivateEndpoint
                0x0000000008005654      0x3da ./Drivers/STM32G4xx_HAL_Driver/Src/stm32g4xx_ll_usb.o
                0x0000000008005654                USB_DeactivateEndpoint
 .text.USB_EPStartXfer
                0x0000000008005a2e     0x1762 ./Drivers/STM32G4xx_HAL_Driver/Src/stm32g4xx_ll_usb.o
                0x0000000008005a2e                USB_EPStartXfer
 .text.USB_EPSetStall
                0x0000000008007190       0xa2 ./Drivers/STM32G4xx_HAL_Driver/Src/stm32g4xx_ll_usb.o
                0x0000000008007190                USB_EPSetStall
 .text.USB_EPClearStall
                0x0000000008007232      0x15c ./Drivers/STM32G4xx_HAL_Driver/Src/stm32g4xx_ll_usb.o
                0x0000000008007232                USB_EPClearStall
 .text.USB_SetDevAddress
                0x000000000800738e       0x28 ./Drivers/STM32G4xx_HAL_Driver/Src/stm32g4xx_ll_usb.o
                0x000000000800738e                USB_SetDevAddress
 .text.USB_DevConnect
                0x00000000080073b6       0x2e ./Drivers/STM32G4xx_HAL_Driver/Src/stm32g4xx_ll_usb.o
                0x00000000080073b6                USB_DevConnect
 .text.USB_ReadInterrupts
                0x00000000080073e4       0x20 ./Drivers/STM32G4xx_HAL_Driver/Src/stm32g4xx_ll_usb.o
                0x00000000080073e4                USB_ReadInterrupts
 .text.USB_WritePMA
                0x0000000008007404       0x84 ./Drivers/STM32G4xx_HAL_Driver/Src/stm32g4xx_ll_usb.o
                0x0000000008007404                USB_WritePMA
 .text.USB_ReadPMA
                0x0000000008007488       0x98 ./Drivers/STM32G4xx_HAL_Driver/Src/stm32g4xx_ll_usb.o
                0x0000000008007488                USB_ReadPMA
 .text.USBD_CDC_Init
                0x0000000008007520       0xfe ./Middlewares/ST/STM32_USB_Device_Library/Class/CDC/Src/usbd_cdc.o
 .text.USBD_CDC_DeInit
                0x000000000800761e       0x74 ./Middlewares/ST/STM32_USB_Device_Library/Class/CDC/Src/usbd_cdc.o
 *fill*         0x0000000008007692        0x2 
 .text.USBD_CDC_Setup
                0x0000000008007694      0x190 ./Middlewares/ST/STM32_USB_Device_Library/Class/CDC/Src/usbd_cdc.o
 .text.USBD_CDC_DataIn
                0x0000000008007824       0xca ./Middlewares/ST/STM32_USB_Device_Library/Class/CDC/Src/usbd_cdc.o
 .text.USBD_CDC_DataOut
                0x00000000080078ee       0x56 ./Middlewares/ST/STM32_USB_Device_Library/Class/CDC/Src/usbd_cdc.o
 .text.USBD_CDC_EP0_RxReady
                0x0000000008007944       0x5a ./Middlewares/ST/STM32_USB_Device_Library/Class/CDC/Src/usbd_cdc.o
 *fill*         0x000000000800799e        0x2 
 .text.USBD_CDC_GetFSCfgDesc
                0x00000000080079a0       0x20 ./Middlewares/ST/STM32_USB_Device_Library/Class/CDC/Src/usbd_cdc.o
 .text.USBD_CDC_GetHSCfgDesc
                0x00000000080079c0       0x20 ./Middlewares/ST/STM32_USB_Device_Library/Class/CDC/Src/usbd_cdc.o
 .text.USBD_CDC_GetOtherSpeedCfgDesc
                0x00000000080079e0       0x20 ./Middlewares/ST/STM32_USB_Device_Library/Class/CDC/Src/usbd_cdc.o
 .text.USBD_CDC_GetDeviceQualifierDescriptor
                0x0000000008007a00       0x20 ./Middlewares/ST/STM32_USB_Device_Library/Class/CDC/Src/usbd_cdc.o
                0x0000000008007a00                USBD_CDC_GetDeviceQualifierDescriptor
 .text.USBD_CDC_RegisterInterface
                0x0000000008007a20       0x2a ./Middlewares/ST/STM32_USB_Device_Library/Class/CDC/Src/usbd_cdc.o
                0x0000000008007a20                USBD_CDC_RegisterInterface
 .text.USBD_CDC_SetTxBuffer
                0x0000000008007a4a       0x3c ./Middlewares/ST/STM32_USB_Device_Library/Class/CDC/Src/usbd_cdc.o
                0x0000000008007a4a                USBD_CDC_SetTxBuffer
 .text.USBD_CDC_SetRxBuffer
                0x0000000008007a86       0x32 ./Middlewares/ST/STM32_USB_Device_Library/Class/CDC/Src/usbd_cdc.o
                0x0000000008007a86                USBD_CDC_SetRxBuffer
 .text.USBD_CDC_ReceivePacket
                0x0000000008007ab8       0x54 ./Middlewares/ST/STM32_USB_Device_Library/Class/CDC/Src/usbd_cdc.o
                0x0000000008007ab8                USBD_CDC_ReceivePacket
 .text.USBD_Init
                0x0000000008007b0c       0x60 ./Middlewares/ST/STM32_USB_Device_Library/Core/Src/usbd_core.o
                0x0000000008007b0c                USBD_Init
 .text.USBD_RegisterClass
                0x0000000008007b6c       0x4e ./Middlewares/ST/STM32_USB_Device_Library/Core/Src/usbd_core.o
                0x0000000008007b6c                USBD_RegisterClass
 .text.USBD_Start
                0x0000000008007bba       0x18 ./Middlewares/ST/STM32_USB_Device_Library/Core/Src/usbd_core.o
                0x0000000008007bba                USBD_Start
 .text.USBD_RunTestMode
                0x0000000008007bd2       0x16 ./Middlewares/ST/STM32_USB_Device_Library/Core/Src/usbd_core.o
                0x0000000008007bd2                USBD_RunTestMode
 .text.USBD_SetClassConfig
                0x0000000008007be8       0x38 ./Middlewares/ST/STM32_USB_Device_Library/Core/Src/usbd_core.o
                0x0000000008007be8                USBD_SetClassConfig
 .text.USBD_ClrClassConfig
                0x0000000008007c20       0x30 ./Middlewares/ST/STM32_USB_Device_Library/Core/Src/usbd_core.o
                0x0000000008007c20                USBD_ClrClassConfig
 .text.USBD_LL_SetupStage
                0x0000000008007c50       0xaa ./Middlewares/ST/STM32_USB_Device_Library/Core/Src/usbd_core.o
                0x0000000008007c50                USBD_LL_SetupStage
 .text.USBD_LL_DataOutStage
                0x0000000008007cfa       0xc6 ./Middlewares/ST/STM32_USB_Device_Library/Core/Src/usbd_core.o
                0x0000000008007cfa                USBD_LL_DataOutStage
 .text.USBD_LL_DataInStage
                0x0000000008007dc0      0x12c ./Middlewares/ST/STM32_USB_Device_Library/Core/Src/usbd_core.o
                0x0000000008007dc0                USBD_LL_DataInStage
 .text.USBD_LL_Reset
                0x0000000008007eec       0x9c ./Middlewares/ST/STM32_USB_Device_Library/Core/Src/usbd_core.o
                0x0000000008007eec                USBD_LL_Reset
 .text.USBD_LL_SetSpeed
                0x0000000008007f88       0x20 ./Middlewares/ST/STM32_USB_Device_Library/Core/Src/usbd_core.o
                0x0000000008007f88                USBD_LL_SetSpeed
 .text.USBD_LL_Suspend
                0x0000000008007fa8       0x2c ./Middlewares/ST/STM32_USB_Device_Library/Core/Src/usbd_core.o
                0x0000000008007fa8                USBD_LL_Suspend
 .text.USBD_LL_Resume
                0x0000000008007fd4       0x30 ./Middlewares/ST/STM32_USB_Device_Library/Core/Src/usbd_core.o
                0x0000000008007fd4                USBD_LL_Resume
 .text.USBD_LL_SOF
                0x0000000008008004       0x44 ./Middlewares/ST/STM32_USB_Device_Library/Core/Src/usbd_core.o
                0x0000000008008004                USBD_LL_SOF
 .text.SWAPBYTE
                0x0000000008008048       0x3c ./Middlewares/ST/STM32_USB_Device_Library/Core/Src/usbd_ctlreq.o
 .text.USBD_StdDevReq
                0x0000000008008084       0xdc ./Middlewares/ST/STM32_USB_Device_Library/Core/Src/usbd_ctlreq.o
                0x0000000008008084                USBD_StdDevReq
 .text.USBD_StdItfReq
                0x0000000008008160       0x92 ./Middlewares/ST/STM32_USB_Device_Library/Core/Src/usbd_ctlreq.o
                0x0000000008008160                USBD_StdItfReq
 .text.USBD_StdEPReq
                0x00000000080081f2      0x2c4 ./Middlewares/ST/STM32_USB_Device_Library/Core/Src/usbd_ctlreq.o
                0x00000000080081f2                USBD_StdEPReq
 *fill*         0x00000000080084b6        0x2 
 .text.USBD_GetDescriptor
                0x00000000080084b8      0x328 ./Middlewares/ST/STM32_USB_Device_Library/Core/Src/usbd_ctlreq.o
 .text.USBD_SetAddress
                0x00000000080087e0       0x88 ./Middlewares/ST/STM32_USB_Device_Library/Core/Src/usbd_ctlreq.o
 .text.USBD_SetConfig
                0x0000000008008868      0x14c ./Middlewares/ST/STM32_USB_Device_Library/Core/Src/usbd_ctlreq.o
 .text.USBD_GetConfig
                0x00000000080089b4       0x6c ./Middlewares/ST/STM32_USB_Device_Library/Core/Src/usbd_ctlreq.o
 .text.USBD_GetStatus
                0x0000000008008a20       0x68 ./Middlewares/ST/STM32_USB_Device_Library/Core/Src/usbd_ctlreq.o
 .text.USBD_SetFeature
                0x0000000008008a88       0x28 ./Middlewares/ST/STM32_USB_Device_Library/Core/Src/usbd_ctlreq.o
 .text.USBD_ClrFeature
                0x0000000008008ab0       0x44 ./Middlewares/ST/STM32_USB_Device_Library/Core/Src/usbd_ctlreq.o
 .text.USBD_ParseSetupRequest
                0x0000000008008af4       0x74 ./Middlewares/ST/STM32_USB_Device_Library/Core/Src/usbd_ctlreq.o
                0x0000000008008af4                USBD_ParseSetupRequest
 .text.USBD_CtlError
                0x0000000008008b68       0x22 ./Middlewares/ST/STM32_USB_Device_Library/Core/Src/usbd_ctlreq.o
                0x0000000008008b68                USBD_CtlError
 .text.USBD_GetString
                0x0000000008008b8a       0x8c ./Middlewares/ST/STM32_USB_Device_Library/Core/Src/usbd_ctlreq.o
                0x0000000008008b8a                USBD_GetString
 .text.USBD_GetLen
                0x0000000008008c16       0x34 ./Middlewares/ST/STM32_USB_Device_Library/Core/Src/usbd_ctlreq.o
 .text.USBD_CtlSendData
                0x0000000008008c4a       0x36 ./Middlewares/ST/STM32_USB_Device_Library/Core/Src/usbd_ioreq.o
                0x0000000008008c4a                USBD_CtlSendData
 .text.USBD_CtlContinueSendData
                0x0000000008008c80       0x22 ./Middlewares/ST/STM32_USB_Device_Library/Core/Src/usbd_ioreq.o
                0x0000000008008c80                USBD_CtlContinueSendData
 .text.USBD_CtlPrepareRx
                0x0000000008008ca2       0x3a ./Middlewares/ST/STM32_USB_Device_Library/Core/Src/usbd_ioreq.o
                0x0000000008008ca2                USBD_CtlPrepareRx
 .text.USBD_CtlContinueRx
                0x0000000008008cdc       0x22 ./Middlewares/ST/STM32_USB_Device_Library/Core/Src/usbd_ioreq.o
                0x0000000008008cdc                USBD_CtlContinueRx
 .text.USBD_CtlSendStatus
                0x0000000008008cfe       0x26 ./Middlewares/ST/STM32_USB_Device_Library/Core/Src/usbd_ioreq.o
                0x0000000008008cfe                USBD_CtlSendStatus
 .text.USBD_CtlReceiveStatus
                0x0000000008008d24       0x26 ./Middlewares/ST/STM32_USB_Device_Library/Core/Src/usbd_ioreq.o
                0x0000000008008d24                USBD_CtlReceiveStatus
 *fill*         0x0000000008008d4a        0x2 
 .text.MX_USB_Device_Init
                0x0000000008008d4c       0x60 ./USB_Device/App/usb_device.o
                0x0000000008008d4c                MX_USB_Device_Init
 .text.CDC_Init_FS
                0x0000000008008dac       0x28 ./USB_Device/App/usbd_cdc_if.o
 .text.CDC_DeInit_FS
                0x0000000008008dd4       0x10 ./USB_Device/App/usbd_cdc_if.o
 .text.CDC_Control_FS
                0x0000000008008de4       0xbc ./USB_Device/App/usbd_cdc_if.o
 .text.CDC_Receive_FS
                0x0000000008008ea0       0x28 ./USB_Device/App/usbd_cdc_if.o
 .text.CDC_TransmitCplt_FS
                0x0000000008008ec8       0x22 ./USB_Device/App/usbd_cdc_if.o
 *fill*         0x0000000008008eea        0x2 
 .text.USBD_CDC_DeviceDescriptor
                0x0000000008008eec       0x24 ./USB_Device/App/usbd_desc.o
                0x0000000008008eec                USBD_CDC_DeviceDescriptor
 .text.USBD_CDC_LangIDStrDescriptor
                0x0000000008008f10       0x24 ./USB_Device/App/usbd_desc.o
                0x0000000008008f10                USBD_CDC_LangIDStrDescriptor
 .text.USBD_CDC_ProductStrDescriptor
                0x0000000008008f34       0x3c ./USB_Device/App/usbd_desc.o
                0x0000000008008f34                USBD_CDC_ProductStrDescriptor
 .text.USBD_CDC_ManufacturerStrDescriptor
                0x0000000008008f70       0x28 ./USB_Device/App/usbd_desc.o
                0x0000000008008f70                USBD_CDC_ManufacturerStrDescriptor
 .text.USBD_CDC_SerialStrDescriptor
                0x0000000008008f98       0x24 ./USB_Device/App/usbd_desc.o
                0x0000000008008f98                USBD_CDC_SerialStrDescriptor
 .text.USBD_CDC_ConfigStrDescriptor
                0x0000000008008fbc       0x3c ./USB_Device/App/usbd_desc.o
                0x0000000008008fbc                USBD_CDC_ConfigStrDescriptor
 .text.USBD_CDC_InterfaceStrDescriptor
                0x0000000008008ff8       0x3c ./USB_Device/App/usbd_desc.o
                0x0000000008008ff8                USBD_CDC_InterfaceStrDescriptor
 .text.Get_SerialNum
                0x0000000008009034       0x58 ./USB_Device/App/usbd_desc.o
 .text.IntToUnicode
                0x000000000800908c       0x7e ./USB_Device/App/usbd_desc.o
 *fill*         0x000000000800910a        0x2 
 .text.HAL_PCD_MspInit
                0x000000000800910c       0x78 ./USB_Device/Target/usbd_conf.o
                0x000000000800910c                HAL_PCD_MspInit
 .text.HAL_PCD_SetupStageCallback
                0x0000000008009184       0x24 ./USB_Device/Target/usbd_conf.o
                0x0000000008009184                HAL_PCD_SetupStageCallback
 .text.HAL_PCD_DataOutStageCallback
                0x00000000080091a8       0x36 ./USB_Device/Target/usbd_conf.o
                0x00000000080091a8                HAL_PCD_DataOutStageCallback
 .text.HAL_PCD_DataInStageCallback
                0x00000000080091de       0x34 ./USB_Device/Target/usbd_conf.o
                0x00000000080091de                HAL_PCD_DataInStageCallback
 .text.HAL_PCD_SOFCallback
                0x0000000008009212       0x1c ./USB_Device/Target/usbd_conf.o
                0x0000000008009212                HAL_PCD_SOFCallback
 .text.HAL_PCD_ResetCallback
                0x000000000800922e       0x3c ./USB_Device/Target/usbd_conf.o
                0x000000000800922e                HAL_PCD_ResetCallback
 *fill*         0x000000000800926a        0x2 
 .text.HAL_PCD_SuspendCallback
                0x000000000800926c       0x34 ./USB_Device/Target/usbd_conf.o
                0x000000000800926c                HAL_PCD_SuspendCallback
 .text.HAL_PCD_ResumeCallback
                0x00000000080092a0       0x38 ./USB_Device/Target/usbd_conf.o
                0x00000000080092a0                HAL_PCD_ResumeCallback
 .text.USBD_LL_Init
                0x00000000080092d8       0xc0 ./USB_Device/Target/usbd_conf.o
                0x00000000080092d8                USBD_LL_Init
 .text.USBD_LL_Start
                0x0000000008009398       0x36 ./USB_Device/Target/usbd_conf.o
                0x0000000008009398                USBD_LL_Start
 .text.USBD_LL_OpenEP
                0x00000000080093ce       0x4c ./USB_Device/Target/usbd_conf.o
                0x00000000080093ce                USBD_LL_OpenEP
 .text.USBD_LL_CloseEP
                0x000000000800941a       0x3e ./USB_Device/Target/usbd_conf.o
                0x000000000800941a                USBD_LL_CloseEP
 .text.USBD_LL_StallEP
                0x0000000008009458       0x3e ./USB_Device/Target/usbd_conf.o
                0x0000000008009458                USBD_LL_StallEP
 .text.USBD_LL_ClearStallEP
                0x0000000008009496       0x3e ./USB_Device/Target/usbd_conf.o
                0x0000000008009496                USBD_LL_ClearStallEP
 .text.USBD_LL_IsStallEP
                0x00000000080094d4       0x58 ./USB_Device/Target/usbd_conf.o
                0x00000000080094d4                USBD_LL_IsStallEP
 .text.USBD_LL_SetUSBAddress
                0x000000000800952c       0x3e ./USB_Device/Target/usbd_conf.o
                0x000000000800952c                USBD_LL_SetUSBAddress
 .text.USBD_LL_Transmit
                0x000000000800956a       0x42 ./USB_Device/Target/usbd_conf.o
                0x000000000800956a                USBD_LL_Transmit
 .text.USBD_LL_PrepareReceive
                0x00000000080095ac       0x42 ./USB_Device/Target/usbd_conf.o
                0x00000000080095ac                USBD_LL_PrepareReceive
 .text.USBD_LL_GetRxDataSize
                0x00000000080095ee       0x26 ./USB_Device/Target/usbd_conf.o
                0x00000000080095ee                USBD_LL_GetRxDataSize
 .text.HAL_PCDEx_LPM_Callback
                0x0000000008009614       0x6c ./USB_Device/Target/usbd_conf.o
                0x0000000008009614                HAL_PCDEx_LPM_Callback
 .text.USBD_static_malloc
                0x0000000008009680       0x1c ./USB_Device/Target/usbd_conf.o
                0x0000000008009680                USBD_static_malloc
 .text.USBD_static_free
                0x000000000800969c       0x14 ./USB_Device/Target/usbd_conf.o
                0x000000000800969c                USBD_static_free
 .text.SystemClockConfig_Resume
                0x00000000080096b0        0xc ./USB_Device/Target/usbd_conf.o
 .text.USBD_Get_USB_Status
                0x00000000080096bc       0x58 ./USB_Device/Target/usbd_conf.o
 .text.memset   0x0000000008009714       0x10 /opt/st/stm32cubeide_1.14.0/plugins/com.st.stm32cube.ide.mcu.externaltools.gnu-tools-for-stm32.11.3.rel1.linux64_1.1.100.202309141235/tools/bin/../lib/gcc/arm-none-eabi/11.3.1/../../../../arm-none-eabi/lib/thumb/v7e-m+fp/hard/libc_nano.a(libc_a-memset.o)
                0x0000000008009714                memset
 .text.__libc_init_array
                0x0000000008009724       0x48 /opt/st/stm32cubeide_1.14.0/plugins/com.st.stm32cube.ide.mcu.externaltools.gnu-tools-for-stm32.11.3.rel1.linux64_1.1.100.202309141235/tools/bin/../lib/gcc/arm-none-eabi/11.3.1/../../../../arm-none-eabi/lib/thumb/v7e-m+fp/hard/libc_nano.a(libc_a-init.o)
                0x0000000008009724                __libc_init_array
 *(.glue_7)
 .glue_7        0x000000000800976c        0x0 linker stubs
 *(.glue_7t)
 .glue_7t       0x000000000800976c        0x0 linker stubs
 *(.eh_frame)
 .eh_frame      0x000000000800976c        0x0 /opt/st/stm32cubeide_1.14.0/plugins/com.st.stm32cube.ide.mcu.externaltools.gnu-tools-for-stm32.11.3.rel1.linux64_1.1.100.202309141235/tools/bin/../lib/gcc/arm-none-eabi/11.3.1/thumb/v7e-m+fp/hard/crtbegin.o
 *(.init)
 .init          0x000000000800976c        0x4 /opt/st/stm32cubeide_1.14.0/plugins/com.st.stm32cube.ide.mcu.externaltools.gnu-tools-for-stm32.11.3.rel1.linux64_1.1.100.202309141235/tools/bin/../lib/gcc/arm-none-eabi/11.3.1/thumb/v7e-m+fp/hard/crti.o
                0x000000000800976c                _init
 .init          0x0000000008009770        0x8 /opt/st/stm32cubeide_1.14.0/plugins/com.st.stm32cube.ide.mcu.externaltools.gnu-tools-for-stm32.11.3.rel1.linux64_1.1.100.202309141235/tools/bin/../lib/gcc/arm-none-eabi/11.3.1/thumb/v7e-m+fp/hard/crtn.o
 *(.fini)
 .fini          0x0000000008009778        0x4 /opt/st/stm32cubeide_1.14.0/plugins/com.st.stm32cube.ide.mcu.externaltools.gnu-tools-for-stm32.11.3.rel1.linux64_1.1.100.202309141235/tools/bin/../lib/gcc/arm-none-eabi/11.3.1/thumb/v7e-m+fp/hard/crti.o
                0x0000000008009778                _fini
 .fini          0x000000000800977c        0x8 /opt/st/stm32cubeide_1.14.0/plugins/com.st.stm32cube.ide.mcu.externaltools.gnu-tools-for-stm32.11.3.rel1.linux64_1.1.100.202309141235/tools/bin/../lib/gcc/arm-none-eabi/11.3.1/thumb/v7e-m+fp/hard/crtn.o
                0x0000000008009784                . = ALIGN (0x4)
                0x0000000008009784                _etext = .

.vfp11_veneer   0x0000000008009784        0x0
 .vfp11_veneer  0x0000000008009784        0x0 linker stubs

.v4_bx          0x0000000008009784        0x0
 .v4_bx         0x0000000008009784        0x0 linker stubs

.iplt           0x0000000008009784        0x0
 .iplt          0x0000000008009784        0x0 /opt/st/stm32cubeide_1.14.0/plugins/com.st.stm32cube.ide.mcu.externaltools.gnu-tools-for-stm32.11.3.rel1.linux64_1.1.100.202309141235/tools/bin/../lib/gcc/arm-none-eabi/11.3.1/thumb/v7e-m+fp/hard/crtbegin.o

.rodata         0x0000000008009784       0x58
                0x0000000008009784                . = ALIGN (0x4)
 *(.rodata)
 .rodata        0x0000000008009784       0x46 ./USB_Device/App/usbd_desc.o
 *(.rodata*)
 *fill*         0x00000000080097ca        0x2 
 .rodata.AHBPrescTable
                0x00000000080097cc       0x10 ./Core/Src/system_stm32g4xx.o
                0x00000000080097cc                AHBPrescTable
                0x00000000080097dc                . = ALIGN (0x4)

.rel.dyn        0x00000000080097dc        0x0
 .rel.iplt      0x00000000080097dc        0x0 /opt/st/stm32cubeide_1.14.0/plugins/com.st.stm32cube.ide.mcu.externaltools.gnu-tools-for-stm32.11.3.rel1.linux64_1.1.100.202309141235/tools/bin/../lib/gcc/arm-none-eabi/11.3.1/thumb/v7e-m+fp/hard/crtbegin.o

.ARM.extab      0x00000000080097dc        0x0
                0x00000000080097dc                . = ALIGN (0x4)
 *(.ARM.extab* .gnu.linkonce.armextab.*)
                0x00000000080097dc                . = ALIGN (0x4)

.ARM            0x00000000080097dc        0x0
                0x00000000080097dc                . = ALIGN (0x4)
                0x00000000080097dc                __exidx_start = .
 *(.ARM.exidx*)
                0x00000000080097dc                __exidx_end = .
                0x00000000080097dc                . = ALIGN (0x4)

.preinit_array  0x00000000080097dc        0x0
                0x00000000080097dc                . = ALIGN (0x4)
                0x00000000080097dc                PROVIDE (__preinit_array_start = .)
 *(.preinit_array*)
                0x00000000080097dc                PROVIDE (__preinit_array_end = .)
                0x00000000080097dc                . = ALIGN (0x4)

.init_array     0x00000000080097dc        0x4
                0x00000000080097dc                . = ALIGN (0x4)
                0x00000000080097dc                PROVIDE (__init_array_start = .)
 *(SORT_BY_NAME(.init_array.*))
 *(.init_array*)
 .init_array    0x00000000080097dc        0x4 /opt/st/stm32cubeide_1.14.0/plugins/com.st.stm32cube.ide.mcu.externaltools.gnu-tools-for-stm32.11.3.rel1.linux64_1.1.100.202309141235/tools/bin/../lib/gcc/arm-none-eabi/11.3.1/thumb/v7e-m+fp/hard/crtbegin.o
                0x00000000080097e0                PROVIDE (__init_array_end = .)
                0x00000000080097e0                . = ALIGN (0x4)

.fini_array     0x00000000080097e0        0x4
                0x00000000080097e0                . = ALIGN (0x4)
                [!provide]                        PROVIDE (__fini_array_start = .)
 *(SORT_BY_NAME(.fini_array.*))
 *(.fini_array*)
 .fini_array    0x00000000080097e0        0x4 /opt/st/stm32cubeide_1.14.0/plugins/com.st.stm32cube.ide.mcu.externaltools.gnu-tools-for-stm32.11.3.rel1.linux64_1.1.100.202309141235/tools/bin/../lib/gcc/arm-none-eabi/11.3.1/thumb/v7e-m+fp/hard/crtbegin.o
                [!provide]                        PROVIDE (__fini_array_end = .)
                0x00000000080097e4                . = ALIGN (0x4)
                0x00000000080097e4                _sidata = LOADADDR (.data)

.data           0x0000000020000000      0x184 load address 0x00000000080097e4
                0x0000000020000000                . = ALIGN (0x4)
                0x0000000020000000                _sdata = .
 *(.data)
 *(.data*)
 .data.SystemCoreClock
                0x0000000020000000        0x4 ./Core/Src/system_stm32g4xx.o
                0x0000000020000000                SystemCoreClock
 .data.uwTickPrio
                0x0000000020000004        0x4 ./Drivers/STM32G4xx_HAL_Driver/Src/stm32g4xx_hal.o
                0x0000000020000004                uwTickPrio
 .data.uwTickFreq
                0x0000000020000008        0x4 ./Drivers/STM32G4xx_HAL_Driver/Src/stm32g4xx_hal.o
                0x0000000020000008                uwTickFreq
 .data.USBD_CDC_DeviceQualifierDesc
                0x000000002000000c        0xa ./Middlewares/ST/STM32_USB_Device_Library/Class/CDC/Src/usbd_cdc.o
 *fill*         0x0000000020000016        0x2 
 .data.USBD_CDC
                0x0000000020000018       0x38 ./Middlewares/ST/STM32_USB_Device_Library/Class/CDC/Src/usbd_cdc.o
                0x0000000020000018                USBD_CDC
 .data.USBD_CDC_CfgHSDesc
                0x0000000020000050       0x43 ./Middlewares/ST/STM32_USB_Device_Library/Class/CDC/Src/usbd_cdc.o
 *fill*         0x0000000020000093        0x1 
 .data.USBD_CDC_CfgFSDesc
                0x0000000020000094       0x43 ./Middlewares/ST/STM32_USB_Device_Library/Class/CDC/Src/usbd_cdc.o
 *fill*         0x00000000200000d7        0x1 
 .data.USBD_CDC_OtherSpeedCfgDesc
                0x00000000200000d8       0x43 ./Middlewares/ST/STM32_USB_Device_Library/Class/CDC/Src/usbd_cdc.o
 *fill*         0x000000002000011b        0x1 
 .data.USBD_Interface_fops_FS
                0x000000002000011c       0x14 ./USB_Device/App/usbd_cdc_if.o
                0x000000002000011c                USBD_Interface_fops_FS
 .data.CDC_Desc
                0x0000000020000130       0x20 ./USB_Device/App/usbd_desc.o
                0x0000000020000130                CDC_Desc
 .data.USBD_CDC_DeviceDesc
                0x0000000020000150       0x12 ./USB_Device/App/usbd_desc.o
                0x0000000020000150                USBD_CDC_DeviceDesc
 *fill*         0x0000000020000162        0x2 
 .data.USBD_LangIDDesc
                0x0000000020000164        0x4 ./USB_Device/App/usbd_desc.o
                0x0000000020000164                USBD_LangIDDesc
 .data.USBD_StringSerial
                0x0000000020000168       0x1a ./USB_Device/App/usbd_desc.o
                0x0000000020000168                USBD_StringSerial
 *(.RamFunc)
 *(.RamFunc*)
                0x0000000020000184                . = ALIGN (0x4)
 *fill*         0x0000000020000182        0x2 
                0x0000000020000184                _edata = .

.igot.plt       0x0000000020000184        0x0 load address 0x0000000008009968
 .igot.plt      0x0000000020000184        0x0 /opt/st/stm32cubeide_1.14.0/plugins/com.st.stm32cube.ide.mcu.externaltools.gnu-tools-for-stm32.11.3.rel1.linux64_1.1.100.202309141235/tools/bin/../lib/gcc/arm-none-eabi/11.3.1/thumb/v7e-m+fp/hard/crtbegin.o
                0x0000000020000184                . = ALIGN (0x4)

.bss            0x0000000020000184     0x1334 load address 0x0000000008009968
                0x0000000020000184                _sbss = .
                0x0000000020000184                __bss_start__ = _sbss
 *(.bss)
 .bss           0x0000000020000184       0x1c /opt/st/stm32cubeide_1.14.0/plugins/com.st.stm32cube.ide.mcu.externaltools.gnu-tools-for-stm32.11.3.rel1.linux64_1.1.100.202309141235/tools/bin/../lib/gcc/arm-none-eabi/11.3.1/thumb/v7e-m+fp/hard/crtbegin.o
 *(.bss*)
 .bss.htim2     0x00000000200001a0       0x4c ./Core/Src/tim.o
                0x00000000200001a0                htim2
 .bss.htim4     0x00000000200001ec       0x4c ./Core/Src/tim.o
                0x00000000200001ec                htim4
 .bss.htim15    0x0000000020000238       0x4c ./Core/Src/tim.o
                0x0000000020000238                htim15
 .bss.hdma_tim2_up
                0x0000000020000284       0x60 ./Core/Src/tim.o
                0x0000000020000284                hdma_tim2_up
 .bss.uwTick    0x00000000200002e4        0x4 ./Drivers/STM32G4xx_HAL_Driver/Src/stm32g4xx_hal.o
                0x00000000200002e4                uwTick
 .bss.cfgidx.0  0x00000000200002e8        0x1 ./Middlewares/ST/STM32_USB_Device_Library/Core/Src/usbd_ctlreq.o
 *fill*         0x00000000200002e9        0x3 
 .bss.hUsbDeviceFS
                0x00000000200002ec      0x2d0 ./USB_Device/App/usb_device.o
                0x00000000200002ec                hUsbDeviceFS
 .bss.UserRxBufferFS
                0x00000000200005bc      0x400 ./USB_Device/App/usbd_cdc_if.o
                0x00000000200005bc                UserRxBufferFS
 .bss.UserTxBufferFS
                0x00000000200009bc      0x400 ./USB_Device/App/usbd_cdc_if.o
                0x00000000200009bc                UserTxBufferFS
 .bss.USBD_StrDesc
                0x0000000020000dbc      0x200 ./USB_Device/App/usbd_desc.o
                0x0000000020000dbc                USBD_StrDesc
 .bss.hpcd_USB_FS
                0x0000000020000fbc      0x2dc ./USB_Device/Target/usbd_conf.o
                0x0000000020000fbc                hpcd_USB_FS
 .bss.mem.0     0x0000000020001298      0x220 ./USB_Device/Target/usbd_conf.o
 *(COMMON)
                0x00000000200014b8                . = ALIGN (0x4)
                0x00000000200014b8                _ebss = .
                0x00000000200014b8                __bss_end__ = _ebss

._user_heap_stack
                0x00000000200014b8      0x600 load address 0x0000000008009968
                0x00000000200014b8                . = ALIGN (0x8)
                [!provide]                        PROVIDE (end = .)
                0x00000000200014b8                PROVIDE (_end = .)
                0x00000000200016b8                . = (. + _Min_Heap_Size)
 *fill*         0x00000000200014b8      0x200 
                0x0000000020001ab8                . = (. + _Min_Stack_Size)
 *fill*         0x00000000200016b8      0x400 
                0x0000000020001ab8                . = ALIGN (0x8)

/DISCARD/
 libc.a(*)
 libm.a(*)
 libgcc.a(*)

.ARM.attributes
                0x0000000000000000       0x30
 *(.ARM.attributes)
 .ARM.attributes
                0x0000000000000000       0x1e /opt/st/stm32cubeide_1.14.0/plugins/com.st.stm32cube.ide.mcu.externaltools.gnu-tools-for-stm32.11.3.rel1.linux64_1.1.100.202309141235/tools/bin/../lib/gcc/arm-none-eabi/11.3.1/thumb/v7e-m+fp/hard/crti.o
 .ARM.attributes
                0x000000000000001e       0x34 /opt/st/stm32cubeide_1.14.0/plugins/com.st.stm32cube.ide.mcu.externaltools.gnu-tools-for-stm32.11.3.rel1.linux64_1.1.100.202309141235/tools/bin/../lib/gcc/arm-none-eabi/11.3.1/thumb/v7e-m+fp/hard/crtbegin.o
 .ARM.attributes
                0x0000000000000052       0x34 ./Core/Src/app.o
 .ARM.attributes
                0x0000000000000086       0x34 ./Core/Src/dma.o
 .ARM.attributes
                0x00000000000000ba       0x34 ./Core/Src/gpio.o
 .ARM.attributes
                0x00000000000000ee       0x34 ./Core/Src/main.o
 .ARM.attributes
                0x0000000000000122       0x34 ./Core/Src/stm32g4xx_hal_msp.o
 .ARM.attributes
                0x0000000000000156       0x34 ./Core/Src/stm32g4xx_it.o
 .ARM.attributes
                0x000000000000018a       0x34 ./Core/Src/system_stm32g4xx.o
 .ARM.attributes
                0x00000000000001be       0x34 ./Core/Src/tim.o
 .ARM.attributes
                0x00000000000001f2       0x21 ./Core/Startup/startup_stm32g431cbux.o
 .ARM.attributes
                0x0000000000000213       0x34 ./Drivers/STM32G4xx_HAL_Driver/Src/stm32g4xx_hal.o
 .ARM.attributes
                0x0000000000000247       0x34 ./Drivers/STM32G4xx_HAL_Driver/Src/stm32g4xx_hal_cortex.o
 .ARM.attributes
                0x000000000000027b       0x34 ./Drivers/STM32G4xx_HAL_Driver/Src/stm32g4xx_hal_dma.o
 .ARM.attributes
                0x00000000000002af       0x34 ./Drivers/STM32G4xx_HAL_Driver/Src/stm32g4xx_hal_gpio.o
 .ARM.attributes
                0x00000000000002e3       0x34 ./Drivers/STM32G4xx_HAL_Driver/Src/stm32g4xx_hal_pcd.o
 .ARM.attributes
                0x0000000000000317       0x34 ./Drivers/STM32G4xx_HAL_Driver/Src/stm32g4xx_hal_pcd_ex.o
 .ARM.attributes
                0x000000000000034b       0x34 ./Drivers/STM32G4xx_HAL_Driver/Src/stm32g4xx_hal_pwr_ex.o
 .ARM.attributes
                0x000000000000037f       0x34 ./Drivers/STM32G4xx_HAL_Driver/Src/stm32g4xx_hal_rcc.o
 .ARM.attributes
                0x00000000000003b3       0x34 ./Drivers/STM32G4xx_HAL_Driver/Src/stm32g4xx_hal_rcc_ex.o
 .ARM.attributes
                0x00000000000003e7       0x34 ./Drivers/STM32G4xx_HAL_Driver/Src/stm32g4xx_hal_tim.o
 .ARM.attributes
                0x000000000000041b       0x34 ./Drivers/STM32G4xx_HAL_Driver/Src/stm32g4xx_hal_tim_ex.o
 .ARM.attributes
                0x000000000000044f       0x34 ./Drivers/STM32G4xx_HAL_Driver/Src/stm32g4xx_ll_usb.o
 .ARM.attributes
                0x0000000000000483       0x34 ./Middlewares/ST/STM32_USB_Device_Library/Class/CDC/Src/usbd_cdc.o
 .ARM.attributes
                0x00000000000004b7       0x34 ./Middlewares/ST/STM32_USB_Device_Library/Core/Src/usbd_core.o
 .ARM.attributes
                0x00000000000004eb       0x34 ./Middlewares/ST/STM32_USB_Device_Library/Core/Src/usbd_ctlreq.o
 .ARM.attributes
                0x000000000000051f       0x34 ./Middlewares/ST/STM32_USB_Device_Library/Core/Src/usbd_ioreq.o
 .ARM.attributes
                0x0000000000000553       0x34 ./USB_Device/App/usb_device.o
 .ARM.attributes
                0x0000000000000587       0x34 ./USB_Device/App/usbd_cdc_if.o
 .ARM.attributes
                0x00000000000005bb       0x34 ./USB_Device/App/usbd_desc.o
 .ARM.attributes
                0x00000000000005ef       0x34 ./USB_Device/Target/usbd_conf.o
 .ARM.attributes
                0x0000000000000623       0x34 /opt/st/stm32cubeide_1.14.0/plugins/com.st.stm32cube.ide.mcu.externaltools.gnu-tools-for-stm32.11.3.rel1.linux64_1.1.100.202309141235/tools/bin/../lib/gcc/arm-none-eabi/11.3.1/../../../../arm-none-eabi/lib/thumb/v7e-m+fp/hard/libc_nano.a(libc_a-memset.o)
 .ARM.attributes
                0x0000000000000657       0x34 /opt/st/stm32cubeide_1.14.0/plugins/com.st.stm32cube.ide.mcu.externaltools.gnu-tools-for-stm32.11.3.rel1.linux64_1.1.100.202309141235/tools/bin/../lib/gcc/arm-none-eabi/11.3.1/../../../../arm-none-eabi/lib/thumb/v7e-m+fp/hard/libc_nano.a(libc_a-init.o)
 .ARM.attributes
                0x000000000000068b       0x1e /opt/st/stm32cubeide_1.14.0/plugins/com.st.stm32cube.ide.mcu.externaltools.gnu-tools-for-stm32.11.3.rel1.linux64_1.1.100.202309141235/tools/bin/../lib/gcc/arm-none-eabi/11.3.1/thumb/v7e-m+fp/hard/crtn.o
OUTPUT(printer_platen.elf elf32-littlearm)
LOAD linker stubs
LOAD /opt/st/stm32cubeide_1.14.0/plugins/com.st.stm32cube.ide.mcu.externaltools.gnu-tools-for-stm32.11.3.rel1.linux64_1.1.100.202309141235/tools/bin/../lib/gcc/arm-none-eabi/11.3.1/../../../../arm-none-eabi/lib/thumb/v7e-m+fp/hard/libc.a
LOAD /opt/st/stm32cubeide_1.14.0/plugins/com.st.stm32cube.ide.mcu.externaltools.gnu-tools-for-stm32.11.3.rel1.linux64_1.1.100.202309141235/tools/bin/../lib/gcc/arm-none-eabi/11.3.1/../../../../arm-none-eabi/lib/thumb/v7e-m+fp/hard/libm.a
LOAD /opt/st/stm32cubeide_1.14.0/plugins/com.st.stm32cube.ide.mcu.externaltools.gnu-tools-for-stm32.11.3.rel1.linux64_1.1.100.202309141235/tools/bin/../lib/gcc/arm-none-eabi/11.3.1/thumb/v7e-m+fp/hard/libgcc.a

.comment        0x0000000000000000       0x43
 .comment       0x0000000000000000       0x43 /opt/st/stm32cubeide_1.14.0/plugins/com.st.stm32cube.ide.mcu.externaltools.gnu-tools-for-stm32.11.3.rel1.linux64_1.1.100.202309141235/tools/bin/../lib/gcc/arm-none-eabi/11.3.1/thumb/v7e-m+fp/hard/crtbegin.o
                                         0x44 (size before relaxing)
 .comment       0x0000000000000043       0x44 ./Core/Src/app.o
 .comment       0x0000000000000043       0x44 ./Core/Src/dma.o
 .comment       0x0000000000000043       0x44 ./Core/Src/gpio.o
 .comment       0x0000000000000043       0x44 ./Core/Src/main.o
 .comment       0x0000000000000043       0x44 ./Core/Src/stm32g4xx_hal_msp.o
 .comment       0x0000000000000043       0x44 ./Core/Src/stm32g4xx_it.o
 .comment       0x0000000000000043       0x44 ./Core/Src/system_stm32g4xx.o
 .comment       0x0000000000000043       0x44 ./Core/Src/tim.o
 .comment       0x0000000000000043       0x44 ./Drivers/STM32G4xx_HAL_Driver/Src/stm32g4xx_hal.o
 .comment       0x0000000000000043       0x44 ./Drivers/STM32G4xx_HAL_Driver/Src/stm32g4xx_hal_cortex.o
 .comment       0x0000000000000043       0x44 ./Drivers/STM32G4xx_HAL_Driver/Src/stm32g4xx_hal_dma.o
 .comment       0x0000000000000043       0x44 ./Drivers/STM32G4xx_HAL_Driver/Src/stm32g4xx_hal_gpio.o
 .comment       0x0000000000000043       0x44 ./Drivers/STM32G4xx_HAL_Driver/Src/stm32g4xx_hal_pcd.o
 .comment       0x0000000000000043       0x44 ./Drivers/STM32G4xx_HAL_Driver/Src/stm32g4xx_hal_pcd_ex.o
 .comment       0x0000000000000043       0x44 ./Drivers/STM32G4xx_HAL_Driver/Src/stm32g4xx_hal_pwr_ex.o
 .comment       0x0000000000000043       0x44 ./Drivers/STM32G4xx_HAL_Driver/Src/stm32g4xx_hal_rcc.o
 .comment       0x0000000000000043       0x44 ./Drivers/STM32G4xx_HAL_Driver/Src/stm32g4xx_hal_rcc_ex.o
 .comment       0x0000000000000043       0x44 ./Drivers/STM32G4xx_HAL_Driver/Src/stm32g4xx_hal_tim.o
 .comment       0x0000000000000043       0x44 ./Drivers/STM32G4xx_HAL_Driver/Src/stm32g4xx_hal_tim_ex.o
 .comment       0x0000000000000043       0x44 ./Drivers/STM32G4xx_HAL_Driver/Src/stm32g4xx_ll_usb.o
 .comment       0x0000000000000043       0x44 ./Middlewares/ST/STM32_USB_Device_Library/Class/CDC/Src/usbd_cdc.o
 .comment       0x0000000000000043       0x44 ./Middlewares/ST/STM32_USB_Device_Library/Core/Src/usbd_core.o
 .comment       0x0000000000000043       0x44 ./Middlewares/ST/STM32_USB_Device_Library/Core/Src/usbd_ctlreq.o
 .comment       0x0000000000000043       0x44 ./Middlewares/ST/STM32_USB_Device_Library/Core/Src/usbd_ioreq.o
 .comment       0x0000000000000043       0x44 ./USB_Device/App/usb_device.o
 .comment       0x0000000000000043       0x44 ./USB_Device/App/usbd_cdc_if.o
 .comment       0x0000000000000043       0x44 ./USB_Device/App/usbd_desc.o
 .comment       0x0000000000000043       0x44 ./USB_Device/Target/usbd_conf.o

.debug_info     0x0000000000000000    0x155f2
 .debug_info    0x0000000000000000       0xbc ./Core/Src/app.o
 .debug_info    0x00000000000000bc      0x4f2 ./Core/Src/dma.o
 .debug_info    0x00000000000005ae      0x47f ./Core/Src/gpio.o
 .debug_info    0x0000000000000a2d      0x2f2 ./Core/Src/main.o
 .debug_info    0x0000000000000d1f      0x2da ./Core/Src/stm32g4xx_hal_msp.o
 .debug_info    0x0000000000000ff9      0x97e ./Core/Src/stm32g4xx_it.o
 .debug_info    0x0000000000001977      0x58e ./Core/Src/system_stm32g4xx.o
 .debug_info    0x0000000000001f05     0x1187 ./Core/Src/tim.o
 .debug_info    0x000000000000308c       0x23 ./Core/Startup/startup_stm32g431cbux.o
 .debug_info    0x00000000000030af      0xadb ./Drivers/STM32G4xx_HAL_Driver/Src/stm32g4xx_hal.o
 .debug_info    0x0000000000003b8a      0xcf3 ./Drivers/STM32G4xx_HAL_Driver/Src/stm32g4xx_hal_cortex.o
 .debug_info    0x000000000000487d      0x85f ./Drivers/STM32G4xx_HAL_Driver/Src/stm32g4xx_hal_dma.o
 .debug_info    0x00000000000050dc      0x763 ./Drivers/STM32G4xx_HAL_Driver/Src/stm32g4xx_hal_gpio.o
 .debug_info    0x000000000000583f     0x161b ./Drivers/STM32G4xx_HAL_Driver/Src/stm32g4xx_hal_pcd.o
 .debug_info    0x0000000000006e5a      0x80a ./Drivers/STM32G4xx_HAL_Driver/Src/stm32g4xx_hal_pcd_ex.o
 .debug_info    0x0000000000007664      0x93f ./Drivers/STM32G4xx_HAL_Driver/Src/stm32g4xx_hal_pwr_ex.o
 .debug_info    0x0000000000007fa3      0xb82 ./Drivers/STM32G4xx_HAL_Driver/Src/stm32g4xx_hal_rcc.o
 .debug_info    0x0000000000008b25      0xc15 ./Drivers/STM32G4xx_HAL_Driver/Src/stm32g4xx_hal_rcc_ex.o
 .debug_info    0x000000000000973a     0x2c52 ./Drivers/STM32G4xx_HAL_Driver/Src/stm32g4xx_hal_tim.o
 .debug_info    0x000000000000c38c     0x1d95 ./Drivers/STM32G4xx_HAL_Driver/Src/stm32g4xx_hal_tim_ex.o
 .debug_info    0x000000000000e121     0x166b ./Drivers/STM32G4xx_HAL_Driver/Src/stm32g4xx_ll_usb.o
 .debug_info    0x000000000000f78c     0x1124 ./Middlewares/ST/STM32_USB_Device_Library/Class/CDC/Src/usbd_cdc.o
 .debug_info    0x00000000000108b0      0xb1b ./Middlewares/ST/STM32_USB_Device_Library/Core/Src/usbd_core.o
 .debug_info    0x00000000000113cb      0xa57 ./Middlewares/ST/STM32_USB_Device_Library/Core/Src/usbd_ctlreq.o
 .debug_info    0x0000000000011e22      0x720 ./Middlewares/ST/STM32_USB_Device_Library/Core/Src/usbd_ioreq.o
 .debug_info    0x0000000000012542      0x6d7 ./USB_Device/App/usb_device.o
 .debug_info    0x0000000000012c19      0x8be ./USB_Device/App/usbd_cdc_if.o
 .debug_info    0x00000000000134d7      0x45f ./USB_Device/App/usbd_desc.o
 .debug_info    0x0000000000013936     0x1cbc ./USB_Device/Target/usbd_conf.o

.debug_abbrev   0x0000000000000000     0x3a84
 .debug_abbrev  0x0000000000000000       0x70 ./Core/Src/app.o
 .debug_abbrev  0x0000000000000070      0x109 ./Core/Src/dma.o
 .debug_abbrev  0x0000000000000179      0x152 ./Core/Src/gpio.o
 .debug_abbrev  0x00000000000002cb      0x163 ./Core/Src/main.o
 .debug_abbrev  0x000000000000042e       0xd9 ./Core/Src/stm32g4xx_hal_msp.o
 .debug_abbrev  0x0000000000000507      0x1b1 ./Core/Src/stm32g4xx_it.o
 .debug_abbrev  0x00000000000006b8      0x11a ./Core/Src/system_stm32g4xx.o
 .debug_abbrev  0x00000000000007d2      0x2c8 ./Core/Src/tim.o
 .debug_abbrev  0x0000000000000a9a       0x12 ./Core/Startup/startup_stm32g431cbux.o
 .debug_abbrev  0x0000000000000aac      0x271 ./Drivers/STM32G4xx_HAL_Driver/Src/stm32g4xx_hal.o
 .debug_abbrev  0x0000000000000d1d      0x31c ./Drivers/STM32G4xx_HAL_Driver/Src/stm32g4xx_hal_cortex.o
 .debug_abbrev  0x0000000000001039      0x1e2 ./Drivers/STM32G4xx_HAL_Driver/Src/stm32g4xx_hal_dma.o
 .debug_abbrev  0x000000000000121b      0x1cb ./Drivers/STM32G4xx_HAL_Driver/Src/stm32g4xx_hal_gpio.o
 .debug_abbrev  0x00000000000013e6      0x2b9 ./Drivers/STM32G4xx_HAL_Driver/Src/stm32g4xx_hal_pcd.o
 .debug_abbrev  0x000000000000169f      0x228 ./Drivers/STM32G4xx_HAL_Driver/Src/stm32g4xx_hal_pcd_ex.o
 .debug_abbrev  0x00000000000018c7      0x22c ./Drivers/STM32G4xx_HAL_Driver/Src/stm32g4xx_hal_pwr_ex.o
 .debug_abbrev  0x0000000000001af3      0x2c9 ./Drivers/STM32G4xx_HAL_Driver/Src/stm32g4xx_hal_rcc.o
 .debug_abbrev  0x0000000000001dbc      0x258 ./Drivers/STM32G4xx_HAL_Driver/Src/stm32g4xx_hal_rcc_ex.o
 .debug_abbrev  0x0000000000002014      0x2a7 ./Drivers/STM32G4xx_HAL_Driver/Src/stm32g4xx_hal_tim.o
 .debug_abbrev  0x00000000000022bb      0x2c5 ./Drivers/STM32G4xx_HAL_Driver/Src/stm32g4xx_hal_tim_ex.o
 .debug_abbrev  0x0000000000002580      0x247 ./Drivers/STM32G4xx_HAL_Driver/Src/stm32g4xx_ll_usb.o
 .debug_abbrev  0x00000000000027c7      0x2bc ./Middlewares/ST/STM32_USB_Device_Library/Class/CDC/Src/usbd_cdc.o
 .debug_abbrev  0x0000000000002a83      0x24f ./Middlewares/ST/STM32_USB_Device_Library/Core/Src/usbd_core.o
 .debug_abbrev  0x0000000000002cd2      0x27e ./Middlewares/ST/STM32_USB_Device_Library/Core/Src/usbd_ctlreq.o
 .debug_abbrev  0x0000000000002f50      0x1a9 ./Middlewares/ST/STM32_USB_Device_Library/Core/Src/usbd_ioreq.o
 .debug_abbrev  0x00000000000030f9      0x1a4 ./USB_Device/App/usb_device.o
 .debug_abbrev  0x000000000000329d      0x2ad ./USB_Device/App/usbd_cdc_if.o
 .debug_abbrev  0x000000000000354a      0x20e ./USB_Device/App/usbd_desc.o
 .debug_abbrev  0x0000000000003758      0x32c ./USB_Device/Target/usbd_conf.o

.debug_aranges  0x0000000000000000     0x1420
 .debug_aranges
                0x0000000000000000       0x20 ./Core/Src/app.o
 .debug_aranges
                0x0000000000000020       0x20 ./Core/Src/dma.o
 .debug_aranges
                0x0000000000000040       0x20 ./Core/Src/gpio.o
 .debug_aranges
                0x0000000000000060       0x30 ./Core/Src/main.o
 .debug_aranges
                0x0000000000000090       0x20 ./Core/Src/stm32g4xx_hal_msp.o
 .debug_aranges
                0x00000000000000b0       0x70 ./Core/Src/stm32g4xx_it.o
 .debug_aranges
                0x0000000000000120       0x28 ./Core/Src/system_stm32g4xx.o
 .debug_aranges
                0x0000000000000148       0x58 ./Core/Src/tim.o
 .debug_aranges
                0x00000000000001a0       0x28 ./Core/Startup/startup_stm32g431cbux.o
 .debug_aranges
                0x00000000000001c8      0x148 ./Drivers/STM32G4xx_HAL_Driver/Src/stm32g4xx_hal.o
 .debug_aranges
                0x0000000000000310      0x118 ./Drivers/STM32G4xx_HAL_Driver/Src/stm32g4xx_hal_cortex.o
 .debug_aranges
                0x0000000000000428       0x90 ./Drivers/STM32G4xx_HAL_Driver/Src/stm32g4xx_hal_dma.o
 .debug_aranges
                0x00000000000004b8       0x58 ./Drivers/STM32G4xx_HAL_Driver/Src/stm32g4xx_hal_gpio.o
 .debug_aranges
                0x0000000000000510      0x138 ./Drivers/STM32G4xx_HAL_Driver/Src/stm32g4xx_hal_pcd.o
 .debug_aranges
                0x0000000000000648       0x58 ./Drivers/STM32G4xx_HAL_Driver/Src/stm32g4xx_hal_pcd_ex.o
 .debug_aranges
                0x00000000000006a0      0x140 ./Drivers/STM32G4xx_HAL_Driver/Src/stm32g4xx_hal_pwr_ex.o
 .debug_aranges
                0x00000000000007e0       0x98 ./Drivers/STM32G4xx_HAL_Driver/Src/stm32g4xx_hal_rcc.o
 .debug_aranges
                0x0000000000000878       0xb0 ./Drivers/STM32G4xx_HAL_Driver/Src/stm32g4xx_hal_rcc_ex.o
 .debug_aranges
                0x0000000000000928      0x3e0 ./Drivers/STM32G4xx_HAL_Driver/Src/stm32g4xx_hal_tim.o
 .debug_aranges
                0x0000000000000d08      0x240 ./Drivers/STM32G4xx_HAL_Driver/Src/stm32g4xx_hal_tim_ex.o
 .debug_aranges
                0x0000000000000f48       0xc8 ./Drivers/STM32G4xx_HAL_Driver/Src/stm32g4xx_ll_usb.o
 .debug_aranges
                0x0000000000001010       0x90 ./Middlewares/ST/STM32_USB_Device_Library/Class/CDC/Src/usbd_cdc.o
 .debug_aranges
                0x00000000000010a0       0xb8 ./Middlewares/ST/STM32_USB_Device_Library/Core/Src/usbd_core.o
 .debug_aranges
                0x0000000000001158       0x90 ./Middlewares/ST/STM32_USB_Device_Library/Core/Src/usbd_ctlreq.o
 .debug_aranges
                0x00000000000011e8       0x50 ./Middlewares/ST/STM32_USB_Device_Library/Core/Src/usbd_ioreq.o
 .debug_aranges
                0x0000000000001238       0x20 ./USB_Device/App/usb_device.o
 .debug_aranges
                0x0000000000001258       0x48 ./USB_Device/App/usbd_cdc_if.o
 .debug_aranges
                0x00000000000012a0       0x60 ./USB_Device/App/usbd_desc.o
 .debug_aranges
                0x0000000000001300      0x120 ./USB_Device/Target/usbd_conf.o

.debug_rnglists
                0x0000000000000000      0xf3a
 .debug_rnglists
                0x0000000000000000       0x13 ./Core/Src/app.o
 .debug_rnglists
                0x0000000000000013       0x13 ./Core/Src/dma.o
 .debug_rnglists
                0x0000000000000026       0x14 ./Core/Src/gpio.o
 .debug_rnglists
                0x000000000000003a       0x20 ./Core/Src/main.o
 .debug_rnglists
                0x000000000000005a       0x13 ./Core/Src/stm32g4xx_hal_msp.o
 .debug_rnglists
                0x000000000000006d       0x4f ./Core/Src/stm32g4xx_it.o
 .debug_rnglists
                0x00000000000000bc       0x1a ./Core/Src/system_stm32g4xx.o
 .debug_rnglists
                0x00000000000000d6       0x42 ./Core/Src/tim.o
 .debug_rnglists
                0x0000000000000118       0x19 ./Core/Startup/startup_stm32g431cbux.o
 .debug_rnglists
                0x0000000000000131       0xf1 ./Drivers/STM32G4xx_HAL_Driver/Src/stm32g4xx_hal.o
 .debug_rnglists
                0x0000000000000222       0xce ./Drivers/STM32G4xx_HAL_Driver/Src/stm32g4xx_hal_cortex.o
 .debug_rnglists
                0x00000000000002f0       0x71 ./Drivers/STM32G4xx_HAL_Driver/Src/stm32g4xx_hal_dma.o
 .debug_rnglists
                0x0000000000000361       0x3f ./Drivers/STM32G4xx_HAL_Driver/Src/stm32g4xx_hal_gpio.o
 .debug_rnglists
                0x00000000000003a0       0xee ./Drivers/STM32G4xx_HAL_Driver/Src/stm32g4xx_hal_pcd.o
 .debug_rnglists
                0x000000000000048e       0x3f ./Drivers/STM32G4xx_HAL_Driver/Src/stm32g4xx_hal_pcd_ex.o
 .debug_rnglists
                0x00000000000004cd       0xf1 ./Drivers/STM32G4xx_HAL_Driver/Src/stm32g4xx_hal_pwr_ex.o
 .debug_rnglists
                0x00000000000005be       0x74 ./Drivers/STM32G4xx_HAL_Driver/Src/stm32g4xx_hal_rcc.o
 .debug_rnglists
                0x0000000000000632       0x87 ./Drivers/STM32G4xx_HAL_Driver/Src/stm32g4xx_hal_rcc_ex.o
 .debug_rnglists
                0x00000000000006b9      0x328 ./Drivers/STM32G4xx_HAL_Driver/Src/stm32g4xx_hal_tim.o
 .debug_rnglists
                0x00000000000009e1      0x1cc ./Drivers/STM32G4xx_HAL_Driver/Src/stm32g4xx_hal_tim_ex.o
 .debug_rnglists
                0x0000000000000bad       0x99 ./Drivers/STM32G4xx_HAL_Driver/Src/stm32g4xx_ll_usb.o
 .debug_rnglists
                0x0000000000000c46       0x6a ./Middlewares/ST/STM32_USB_Device_Library/Class/CDC/Src/usbd_cdc.o
 .debug_rnglists
                0x0000000000000cb0       0x89 ./Middlewares/ST/STM32_USB_Device_Library/Core/Src/usbd_core.o
 .debug_rnglists
                0x0000000000000d39       0x6e ./Middlewares/ST/STM32_USB_Device_Library/Core/Src/usbd_ctlreq.o
 .debug_rnglists
                0x0000000000000da7       0x37 ./Middlewares/ST/STM32_USB_Device_Library/Core/Src/usbd_ioreq.o
 .debug_rnglists
                0x0000000000000dde       0x13 ./USB_Device/App/usb_device.o
 .debug_rnglists
                0x0000000000000df1       0x32 ./USB_Device/App/usbd_cdc_if.o
 .debug_rnglists
                0x0000000000000e23       0x43 ./USB_Device/App/usbd_desc.o
 .debug_rnglists
                0x0000000000000e66       0xd4 ./USB_Device/Target/usbd_conf.o

.debug_macro    0x0000000000000000    0x20ce9
 .debug_macro   0x0000000000000000      0x373 ./Core/Src/app.o
 .debug_macro   0x0000000000000373      0xaa8 ./Core/Src/app.o
 .debug_macro   0x0000000000000e1b      0x15b ./Core/Src/app.o
 .debug_macro   0x0000000000000f76       0x2e ./Core/Src/app.o
 .debug_macro   0x0000000000000fa4       0x28 ./Core/Src/app.o
 .debug_macro   0x0000000000000fcc       0x22 ./Core/Src/app.o
 .debug_macro   0x0000000000000fee       0x8e ./Core/Src/app.o
 .debug_macro   0x000000000000107c       0x51 ./Core/Src/app.o
 .debug_macro   0x00000000000010cd      0x103 ./Core/Src/app.o
 .debug_macro   0x00000000000011d0       0x6a ./Core/Src/app.o
 .debug_macro   0x000000000000123a      0x1df ./Core/Src/app.o
 .debug_macro   0x0000000000001419       0x1c ./Core/Src/app.o
 .debug_macro   0x0000000000001435       0x22 ./Core/Src/app.o
 .debug_macro   0x0000000000001457       0xfb ./Core/Src/app.o
 .debug_macro   0x0000000000001552     0x1011 ./Core/Src/app.o
 .debug_macro   0x0000000000002563      0x11f ./Core/Src/app.o
 .debug_macro   0x0000000000002682    0x11350 ./Core/Src/app.o
 .debug_macro   0x00000000000139d2       0x6d ./Core/Src/app.o
 .debug_macro   0x0000000000013a3f     0x354d ./Core/Src/app.o
 .debug_macro   0x0000000000016f8c      0x174 ./Core/Src/app.o
 .debug_macro   0x0000000000017100       0x5c ./Core/Src/app.o
 .debug_macro   0x000000000001715c     0x141d ./Core/Src/app.o
 .debug_macro   0x0000000000018579      0x535 ./Core/Src/app.o
 .debug_macro   0x0000000000018aae      0x1b6 ./Core/Src/app.o
 .debug_macro   0x0000000000018c64      0x288 ./Core/Src/app.o
 .debug_macro   0x0000000000018eec      0x41d ./Core/Src/app.o
 .debug_macro   0x0000000000019309      0x18b ./Core/Src/app.o
 .debug_macro   0x0000000000019494       0x43 ./Core/Src/app.o
 .debug_macro   0x00000000000194d7      0x23d ./Core/Src/app.o
 .debug_macro   0x0000000000019714      0x211 ./Core/Src/app.o
 .debug_macro   0x0000000000019925      0x401 ./Core/Src/app.o
 .debug_macro   0x0000000000019d26      0x107 ./Core/Src/app.o
 .debug_macro   0x0000000000019e2d       0x73 ./Core/Src/app.o
 .debug_macro   0x0000000000019ea0      0x22d ./Core/Src/app.o
 .debug_macro   0x000000000001a0cd      0x122 ./Core/Src/app.o
 .debug_macro   0x000000000001a1ef      0x3d1 ./Core/Src/app.o
 .debug_macro   0x000000000001a5c0      0xbda ./Core/Src/app.o
 .debug_macro   0x000000000001b19a      0x47e ./Core/Src/app.o
 .debug_macro   0x000000000001b618      0x306 ./Core/Src/app.o
 .debug_macro   0x000000000001b91e       0xb8 ./Core/Src/app.o
 .debug_macro   0x000000000001b9d6       0x61 ./Core/Src/app.o
 .debug_macro   0x000000000001ba37       0x2a ./Core/Src/app.o
 .debug_macro   0x000000000001ba61       0x43 ./Core/Src/app.o
 .debug_macro   0x000000000001baa4       0x34 ./Core/Src/app.o
 .debug_macro   0x000000000001bad8       0x16 ./Core/Src/app.o
 .debug_macro   0x000000000001baee       0x35 ./Core/Src/app.o
 .debug_macro   0x000000000001bb23      0x369 ./Core/Src/app.o
 .debug_macro   0x000000000001be8c       0x10 ./Core/Src/app.o
 .debug_macro   0x000000000001be9c       0x16 ./Core/Src/app.o
 .debug_macro   0x000000000001beb2       0x43 ./Core/Src/app.o
 .debug_macro   0x000000000001bef5       0x34 ./Core/Src/app.o
 .debug_macro   0x000000000001bf29       0x10 ./Core/Src/app.o
 .debug_macro   0x000000000001bf39       0x58 ./Core/Src/app.o
 .debug_macro   0x000000000001bf91       0x8e ./Core/Src/app.o
 .debug_macro   0x000000000001c01f       0x1c ./Core/Src/app.o
 .debug_macro   0x000000000001c03b      0x177 ./Core/Src/app.o
 .debug_macro   0x000000000001c1b2       0x16 ./Core/Src/app.o
 .debug_macro   0x000000000001c1c8       0x16 ./Core/Src/app.o
 .debug_macro   0x000000000001c1de      0x147 ./Core/Src/app.o
 .debug_macro   0x000000000001c325       0x16 ./Core/Src/app.o
 .debug_macro   0x000000000001c33b       0x16 ./Core/Src/app.o
 .debug_macro   0x000000000001c351       0x29 ./Core/Src/app.o
 .debug_macro   0x000000000001c37a       0x16 ./Core/Src/app.o
 .debug_macro   0x000000000001c390       0x20 ./Core/Src/app.o
 .debug_macro   0x000000000001c3b0       0x5f ./Core/Src/app.o
 .debug_macro   0x000000000001c40f      0x1ef ./Core/Src/app.o
 .debug_macro   0x000000000001c5fe      0x1f7 ./Core/Src/dma.o
 .debug_macro   0x000000000001c7f5      0x1f7 ./Core/Src/gpio.o
 .debug_macro   0x000000000001c9ec      0x373 ./Core/Src/main.o
 .debug_macro   0x000000000001cd5f      0x1ed ./Core/Src/stm32g4xx_hal_msp.o
 .debug_macro   0x000000000001cf4c      0x1f7 ./Core/Src/stm32g4xx_it.o
 .debug_macro   0x000000000001d143      0x1de ./Core/Src/system_stm32g4xx.o
 .debug_macro   0x000000000001d321      0x1f7 ./Core/Src/tim.o
 .debug_macro   0x000000000001d518      0x22c ./Drivers/STM32G4xx_HAL_Driver/Src/stm32g4xx_hal.o
 .debug_macro   0x000000000001d744      0x1de ./Drivers/STM32G4xx_HAL_Driver/Src/stm32g4xx_hal_cortex.o
 .debug_macro   0x000000000001d922      0x1de ./Drivers/STM32G4xx_HAL_Driver/Src/stm32g4xx_hal_dma.o
 .debug_macro   0x000000000001db00      0x1e5 ./Drivers/STM32G4xx_HAL_Driver/Src/stm32g4xx_hal_gpio.o
 .debug_macro   0x000000000001dce5      0x1ea ./Drivers/STM32G4xx_HAL_Driver/Src/stm32g4xx_hal_pcd.o
 .debug_macro   0x000000000001decf      0x1de ./Drivers/STM32G4xx_HAL_Driver/Src/stm32g4xx_hal_pcd_ex.o
 .debug_macro   0x000000000001e0ad      0x208 ./Drivers/STM32G4xx_HAL_Driver/Src/stm32g4xx_hal_pwr_ex.o
 .debug_macro   0x000000000001e2b5      0x220 ./Drivers/STM32G4xx_HAL_Driver/Src/stm32g4xx_hal_rcc.o
 .debug_macro   0x000000000001e4d5      0x208 ./Drivers/STM32G4xx_HAL_Driver/Src/stm32g4xx_hal_rcc_ex.o
 .debug_macro   0x000000000001e6dd      0x1e6 ./Drivers/STM32G4xx_HAL_Driver/Src/stm32g4xx_hal_tim.o
 .debug_macro   0x000000000001e8c3      0x1e4 ./Drivers/STM32G4xx_HAL_Driver/Src/stm32g4xx_hal_tim_ex.o
 .debug_macro   0x000000000001eaa7      0x1de ./Drivers/STM32G4xx_HAL_Driver/Src/stm32g4xx_ll_usb.o
 .debug_macro   0x000000000001ec85      0x36d ./Middlewares/ST/STM32_USB_Device_Library/Class/CDC/Src/usbd_cdc.o
 .debug_macro   0x000000000001eff2       0x97 ./Middlewares/ST/STM32_USB_Device_Library/Class/CDC/Src/usbd_cdc.o
 .debug_macro   0x000000000001f089       0xfd ./Middlewares/ST/STM32_USB_Device_Library/Class/CDC/Src/usbd_cdc.o
 .debug_macro   0x000000000001f186       0x56 ./Middlewares/ST/STM32_USB_Device_Library/Class/CDC/Src/usbd_cdc.o
 .debug_macro   0x000000000001f1dc       0x95 ./Middlewares/ST/STM32_USB_Device_Library/Class/CDC/Src/usbd_cdc.o
 .debug_macro   0x000000000001f271      0x354 ./Middlewares/ST/STM32_USB_Device_Library/Core/Src/usbd_core.o
 .debug_macro   0x000000000001f5c5      0x1f5 ./Middlewares/ST/STM32_USB_Device_Library/Core/Src/usbd_core.o
 .debug_macro   0x000000000001f7ba      0x35e ./Middlewares/ST/STM32_USB_Device_Library/Core/Src/usbd_ctlreq.o
 .debug_macro   0x000000000001fb18      0x35a ./Middlewares/ST/STM32_USB_Device_Library/Core/Src/usbd_ioreq.o
 .debug_macro   0x000000000001fe72      0x393 ./USB_Device/App/usb_device.o
 .debug_macro   0x0000000000020205       0x22 ./USB_Device/App/usb_device.o
 .debug_macro   0x0000000000020227       0x16 ./USB_Device/App/usb_device.o
 .debug_macro   0x000000000002023d      0x378 ./USB_Device/App/usbd_cdc_if.o
 .debug_macro   0x00000000000205b5       0x10 ./USB_Device/App/usbd_cdc_if.o
 .debug_macro   0x00000000000205c5      0x391 ./USB_Device/App/usbd_desc.o
 .debug_macro   0x0000000000020956       0x1c ./USB_Device/App/usbd_desc.o
 .debug_macro   0x0000000000020972      0x377 ./USB_Device/Target/usbd_conf.o

.debug_line     0x0000000000000000    0x1840a
 .debug_line    0x0000000000000000      0x8f7 ./Core/Src/app.o
 .debug_line    0x00000000000008f7      0x6bf ./Core/Src/dma.o
 .debug_line    0x0000000000000fb6      0x6f8 ./Core/Src/gpio.o
 .debug_line    0x00000000000016ae      0x976 ./Core/Src/main.o
 .debug_line    0x0000000000002024      0x6c4 ./Core/Src/stm32g4xx_hal_msp.o
 .debug_line    0x00000000000026e8      0x7b5 ./Core/Src/stm32g4xx_it.o
 .debug_line    0x0000000000002e9d      0x72c ./Core/Src/system_stm32g4xx.o
 .debug_line    0x00000000000035c9      0x92c ./Core/Src/tim.o
 .debug_line    0x0000000000003ef5       0x7b ./Core/Startup/startup_stm32g431cbux.o
 .debug_line    0x0000000000003f70      0xaeb ./Drivers/STM32G4xx_HAL_Driver/Src/stm32g4xx_hal.o
 .debug_line    0x0000000000004a5b      0xc56 ./Drivers/STM32G4xx_HAL_Driver/Src/stm32g4xx_hal_cortex.o
 .debug_line    0x00000000000056b1      0xe0f ./Drivers/STM32G4xx_HAL_Driver/Src/stm32g4xx_hal_dma.o
 .debug_line    0x00000000000064c0      0xae6 ./Drivers/STM32G4xx_HAL_Driver/Src/stm32g4xx_hal_gpio.o
 .debug_line    0x0000000000006fa6     0x12f5 ./Drivers/STM32G4xx_HAL_Driver/Src/stm32g4xx_hal_pcd.o
 .debug_line    0x000000000000829b      0x82b ./Drivers/STM32G4xx_HAL_Driver/Src/stm32g4xx_hal_pcd_ex.o
 .debug_line    0x0000000000008ac6      0xc5a ./Drivers/STM32G4xx_HAL_Driver/Src/stm32g4xx_hal_pwr_ex.o
 .debug_line    0x0000000000009720      0xeb3 ./Drivers/STM32G4xx_HAL_Driver/Src/stm32g4xx_hal_rcc.o
 .debug_line    0x000000000000a5d3     0x107c ./Drivers/STM32G4xx_HAL_Driver/Src/stm32g4xx_hal_rcc_ex.o
 .debug_line    0x000000000000b64f     0x3e55 ./Drivers/STM32G4xx_HAL_Driver/Src/stm32g4xx_hal_tim.o
 .debug_line    0x000000000000f4a4     0x202b ./Drivers/STM32G4xx_HAL_Driver/Src/stm32g4xx_hal_tim_ex.o
 .debug_line    0x00000000000114cf      0xf8b ./Drivers/STM32G4xx_HAL_Driver/Src/stm32g4xx_ll_usb.o
 .debug_line    0x000000000001245a      0xcec ./Middlewares/ST/STM32_USB_Device_Library/Class/CDC/Src/usbd_cdc.o
 .debug_line    0x0000000000013146      0xd6b ./Middlewares/ST/STM32_USB_Device_Library/Core/Src/usbd_core.o
 .debug_line    0x0000000000013eb1     0x1023 ./Middlewares/ST/STM32_USB_Device_Library/Core/Src/usbd_ctlreq.o
 .debug_line    0x0000000000014ed4      0x9c2 ./Middlewares/ST/STM32_USB_Device_Library/Core/Src/usbd_ioreq.o
 .debug_line    0x0000000000015896      0x97e ./USB_Device/App/usb_device.o
 .debug_line    0x0000000000016214      0x9e1 ./USB_Device/App/usbd_cdc_if.o
 .debug_line    0x0000000000016bf5      0xa47 ./USB_Device/App/usbd_desc.o
 .debug_line    0x000000000001763c      0xdce ./USB_Device/Target/usbd_conf.o

.debug_str      0x0000000000000000    0xc4a11
 .debug_str     0x0000000000000000    0xbe673 ./Core/Src/app.o
                                      0xbe970 (size before relaxing)
 .debug_str     0x00000000000be673      0x5e4 ./Core/Src/dma.o
                                      0xbaccb (size before relaxing)
 .debug_str     0x00000000000bec57       0xd7 ./Core/Src/gpio.o
                                      0xba912 (size before relaxing)
 .debug_str     0x00000000000bed2e      0x218 ./Core/Src/main.o
                                      0xbeb94 (size before relaxing)
 .debug_str     0x00000000000bef46       0x4d ./Core/Src/stm32g4xx_hal_msp.o
                                      0xba868 (size before relaxing)
 .debug_str     0x00000000000bef93      0x697 ./Core/Src/stm32g4xx_it.o
                                      0xbae2c (size before relaxing)
 .debug_str     0x00000000000bf62a       0xdb ./Core/Src/system_stm32g4xx.o
                                      0xba5e3 (size before relaxing)
 .debug_str     0x00000000000bf705      0x6b2 ./Core/Src/tim.o
                                      0xbb36a (size before relaxing)
 .debug_str     0x00000000000bfdb7       0x34 ./Core/Startup/startup_stm32g431cbux.o
                                         0x5b (size before relaxing)
 .debug_str     0x00000000000bfdeb      0x5e3 ./Drivers/STM32G4xx_HAL_Driver/Src/stm32g4xx_hal.o
                                      0xbb122 (size before relaxing)
 .debug_str     0x00000000000c03ce      0x331 ./Drivers/STM32G4xx_HAL_Driver/Src/stm32g4xx_hal_cortex.o
                                      0xbada6 (size before relaxing)
 .debug_str     0x00000000000c06ff      0x2ac ./Drivers/STM32G4xx_HAL_Driver/Src/stm32g4xx_hal_dma.o
                                      0xba9bd (size before relaxing)
 .debug_str     0x00000000000c09ab      0x123 ./Drivers/STM32G4xx_HAL_Driver/Src/stm32g4xx_hal_gpio.o
                                      0xba76e (size before relaxing)
 .debug_str     0x00000000000c0ace      0x577 ./Drivers/STM32G4xx_HAL_Driver/Src/stm32g4xx_hal_pcd.o
                                      0xbad5f (size before relaxing)
 .debug_str     0x00000000000c1045      0x186 ./Drivers/STM32G4xx_HAL_Driver/Src/stm32g4xx_hal_pcd_ex.o
                                      0xba99b (size before relaxing)
 .debug_str     0x00000000000c11cb      0x4a5 ./Drivers/STM32G4xx_HAL_Driver/Src/stm32g4xx_hal_pwr_ex.o
                                      0xbaad1 (size before relaxing)
 .debug_str     0x00000000000c1670      0x4e0 ./Drivers/STM32G4xx_HAL_Driver/Src/stm32g4xx_hal_rcc.o
                                      0xbacdc (size before relaxing)
 .debug_str     0x00000000000c1b50      0x59b ./Drivers/STM32G4xx_HAL_Driver/Src/stm32g4xx_hal_rcc_ex.o
                                      0xbacdd (size before relaxing)
 .debug_str     0x00000000000c20eb      0xdd1 ./Drivers/STM32G4xx_HAL_Driver/Src/stm32g4xx_hal_tim.o
                                      0xbbae1 (size before relaxing)
 .debug_str     0x00000000000c2ebc      0x81d ./Drivers/STM32G4xx_HAL_Driver/Src/stm32g4xx_hal_tim_ex.o
                                      0xbb755 (size before relaxing)
 .debug_str     0x00000000000c36d9       0xd3 ./Drivers/STM32G4xx_HAL_Driver/Src/stm32g4xx_ll_usb.o
                                      0xba89c (size before relaxing)
 .debug_str     0x00000000000c37ac      0x9b9 ./Middlewares/ST/STM32_USB_Device_Library/Class/CDC/Src/usbd_cdc.o
                                      0xbf44d (size before relaxing)
 .debug_str     0x00000000000c4165      0x288 ./Middlewares/ST/STM32_USB_Device_Library/Core/Src/usbd_core.o
                                      0xbed29 (size before relaxing)
 .debug_str     0x00000000000c43ed      0x147 ./Middlewares/ST/STM32_USB_Device_Library/Core/Src/usbd_ctlreq.o
                                      0xbec7b (size before relaxing)
 .debug_str     0x00000000000c4534       0x51 ./Middlewares/ST/STM32_USB_Device_Library/Core/Src/usbd_ioreq.o
                                      0xbeb70 (size before relaxing)
 .debug_str     0x00000000000c4585      0x106 ./USB_Device/App/usb_device.o
                                      0xbef24 (size before relaxing)
 .debug_str     0x00000000000c468b       0xa1 ./USB_Device/App/usbd_cdc_if.o
                                      0xbef63 (size before relaxing)
 .debug_str     0x00000000000c472c      0x254 ./USB_Device/App/usbd_desc.o
                                      0xbea7a (size before relaxing)
 .debug_str     0x00000000000c4980       0x91 ./USB_Device/Target/usbd_conf.o
                                      0xbfde3 (size before relaxing)

.debug_frame    0x0000000000000000     0x51c8
 .debug_frame   0x0000000000000000       0x2c ./Core/Src/app.o
 .debug_frame   0x000000000000002c       0x34 ./Core/Src/dma.o
 .debug_frame   0x0000000000000060       0x34 ./Core/Src/gpio.o
 .debug_frame   0x0000000000000094       0x68 ./Core/Src/main.o
 .debug_frame   0x00000000000000fc       0x34 ./Core/Src/stm32g4xx_hal_msp.o
 .debug_frame   0x0000000000000130      0x13c ./Core/Src/stm32g4xx_it.o
 .debug_frame   0x000000000000026c       0x58 ./Core/Src/system_stm32g4xx.o
 .debug_frame   0x00000000000002c4      0x138 ./Core/Src/tim.o
 .debug_frame   0x00000000000003fc      0x500 ./Drivers/STM32G4xx_HAL_Driver/Src/stm32g4xx_hal.o
 .debug_frame   0x00000000000008fc      0x498 ./Drivers/STM32G4xx_HAL_Driver/Src/stm32g4xx_hal_cortex.o
 .debug_frame   0x0000000000000d94      0x24c ./Drivers/STM32G4xx_HAL_Driver/Src/stm32g4xx_hal_dma.o
 .debug_frame   0x0000000000000fe0      0x14c ./Drivers/STM32G4xx_HAL_Driver/Src/stm32g4xx_hal_gpio.o
 .debug_frame   0x000000000000112c      0x56c ./Drivers/STM32G4xx_HAL_Driver/Src/stm32g4xx_hal_pcd.o
 .debug_frame   0x0000000000001698      0x14c ./Drivers/STM32G4xx_HAL_Driver/Src/stm32g4xx_hal_pcd_ex.o
 .debug_frame   0x00000000000017e4      0x4fc ./Drivers/STM32G4xx_HAL_Driver/Src/stm32g4xx_hal_pwr_ex.o
 .debug_frame   0x0000000000001ce0      0x23c ./Drivers/STM32G4xx_HAL_Driver/Src/stm32g4xx_hal_rcc.o
 .debug_frame   0x0000000000001f1c      0x2ac ./Drivers/STM32G4xx_HAL_Driver/Src/stm32g4xx_hal_rcc_ex.o
 .debug_frame   0x00000000000021c8     0x121c ./Drivers/STM32G4xx_HAL_Driver/Src/stm32g4xx_hal_tim.o
 .debug_frame   0x00000000000033e4      0xa68 ./Drivers/STM32G4xx_HAL_Driver/Src/stm32g4xx_hal_tim_ex.o
 .debug_frame   0x0000000000003e4c      0x380 ./Drivers/STM32G4xx_HAL_Driver/Src/stm32g4xx_ll_usb.o
 .debug_frame   0x00000000000041cc      0x248 ./Middlewares/ST/STM32_USB_Device_Library/Class/CDC/Src/usbd_cdc.o
 .debug_frame   0x0000000000004414      0x2f4 ./Middlewares/ST/STM32_USB_Device_Library/Core/Src/usbd_core.o
 .debug_frame   0x0000000000004708      0x23c ./Middlewares/ST/STM32_USB_Device_Library/Core/Src/usbd_ctlreq.o
 .debug_frame   0x0000000000004944      0x10c ./Middlewares/ST/STM32_USB_Device_Library/Core/Src/usbd_ioreq.o
 .debug_frame   0x0000000000004a50       0x2c ./USB_Device/App/usb_device.o
 .debug_frame   0x0000000000004a7c       0xe4 ./USB_Device/App/usbd_cdc_if.o
 .debug_frame   0x0000000000004b60      0x160 ./USB_Device/App/usbd_desc.o
 .debug_frame   0x0000000000004cc0      0x4bc ./USB_Device/Target/usbd_conf.o
 .debug_frame   0x000000000000517c       0x20 /opt/st/stm32cubeide_1.14.0/plugins/com.st.stm32cube.ide.mcu.externaltools.gnu-tools-for-stm32.11.3.rel1.linux64_1.1.100.202309141235/tools/bin/../lib/gcc/arm-none-eabi/11.3.1/../../../../arm-none-eabi/lib/thumb/v7e-m+fp/hard/libc_nano.a(libc_a-memset.o)
 .debug_frame   0x000000000000519c       0x2c /opt/st/stm32cubeide_1.14.0/plugins/com.st.stm32cube.ide.mcu.externaltools.gnu-tools-for-stm32.11.3.rel1.linux64_1.1.100.202309141235/tools/bin/../lib/gcc/arm-none-eabi/11.3.1/../../../../arm-none-eabi/lib/thumb/v7e-m+fp/hard/libc_nano.a(libc_a-init.o)

.debug_line_str
                0x0000000000000000       0x4f
 .debug_line_str